2026-08-28 00:37:03,086 WARNING database DDL Query made to DB:
ALTER TABLE "tabVehicle Job Order" ADD COLUMN IF NOT EXISTS cost_center varchar(140);
2026-08-28 00:37:03,204 WARNING database DDL Query made to DB:
ALTER TABLE "tabVehicle Job Order" ADD COLUMN IF NOT EXISTS estimate varchar(140);
2026-08-28 00:37:03,207 WARNING database DDL Query made to DB:
ALTER TABLE "tabVehicle Inspection" ADD COLUMN IF NOT EXISTS company varchar(140) DEFAULT 'ULTRA MRF';
2026-08-28 00:37:03,209 WARNING database DDL Query made to DB:
ALTER TABLE "tabVehicle Inspection" ADD COLUMN IF NOT EXISTS cost_center varchar(140);
2026-08-28 00:37:03,212 WARNING database DDL Query made to DB:
ALTER TABLE "tabVehicle Inspection" ADD COLUMN IF NOT EXISTS job_order varchar(140);
2026-08-28 00:37:03,223 WARNING database DDL Query made to DB:
ALTER TABLE "tabJob Order Part Item" ADD COLUMN IF NOT EXISTS uom varchar(140) DEFAULT 'PC';
2026-08-29 04:36:39,057 WARNING database DDL Query made to DB:
ALTER TABLE "tabVehicle Job Order" ALTER COLUMN "posting_time" TYPE time(6)
2026-08-29 04:36:39,303 WARNING database DDL Query made to DB:
create table "tabVehicle POS Invoice" (
			name varchar(140) primary key,
			creation timestamp(6),
			modified timestamp(6),
			modified_by varchar(140),
			owner varchar(140),
			docstatus smallint not null default '0',
			idx bigint not null default '0',
			"naming_series" varchar(140) DEFAULT 'VMSPOS-.YYYY.-.#####',
"customer" varchar(140),
"customer_name" varchar(140),
"vehicle" varchar(140),
"plate_no" varchar(140),
"company" varchar(140) DEFAULT 'ULTRA MRF',
"posting_date" date,
"cashier" varchar(140) DEFAULT 'Administrator',
"status" varchar(140) DEFAULT 'Draft',
"total_qty" decimal(21,9) NOT NULL DEFAULT 0.0,
"total_discount" decimal(21,9) NOT NULL DEFAULT 0.0,
"total_amount" decimal(21,9) NOT NULL DEFAULT 0.0,
"paid_amount" decimal(21,9) NOT NULL DEFAULT 0.0,
"payment_method" varchar(140) DEFAULT 'Cash',
"balance_amount" decimal(21,9) NOT NULL DEFAULT 0.0,
"pos_invoice" varchar(140),
"remarks" text,
"_user_tags" text,
"_comments" text,
"_assign" text,
"_liked_by" text
			)
2026-08-29 04:36:39,416 WARNING database DDL Query made to DB:
create table "tabVehicle POS Invoice Item" (
			name varchar(140) primary key,
			creation timestamp(6),
			modified timestamp(6),
			modified_by varchar(140),
			owner varchar(140),
			docstatus smallint not null default '0',
			idx bigint not null default '0',
			"item_code" varchar(140),
"item_name" varchar(140),
"uom" varchar(140),
"qty" decimal(21,9) NOT NULL DEFAULT 1.0,
"rate" decimal(21,9) NOT NULL DEFAULT 0.0,
"discount_percentage" decimal(21,9) NOT NULL DEFAULT 0.0,
"discount_amount" decimal(21,9) NOT NULL DEFAULT 0.0,
"amount" decimal(21,9) NOT NULL DEFAULT 0.0,
parent varchar(140),
parentfield varchar(140),
parenttype varchar(140)
			)
