======================================================================
  EXECUTING COMPREHENSIVE MULTI-MODULE TRANSACTION GENERATION
======================================================================

----------------------------------------------------------------------
  PROCESSING TRANSACTIONS PER COMPANY & BRANCH
----------------------------------------------------------------------

[Ultra MRF Dau Main] (Cost Center: Main - UMDM | Warehouse: Stores - UMDM)
  ! O2C Error in Ultra MRF Dau Main: column "outstanding_in_account_currency" does not exist
LINE 1: ...D "vouchers"."party"="outstanding"."party" HAVING "outstandi...
                                                             ^

  ! P2P Error in Ultra MRF Dau Main: function curdate() does not exist
LINE 1: ...1' and release_date IS NOT NULL and release_date > CURDATE()
                                                              ^
HINT:  No function matches the given name and argument types. You might need to add explicit type casts.

  [Stock Entry] MAT-STE-2026-00023: Material Transfer [UMDM-STORES-E1-T1-01 -> UMDM-STORES-D1-S2-02]

[Ultra MRF Dau Annex] (Cost Center: Main - UMDA | Warehouse: Stores - UMDA)
  ! O2C Error in Ultra MRF Dau Annex: column "outstanding_in_account_currency" does not exist
LINE 1: ...D "vouchers"."party"="outstanding"."party" HAVING "outstandi...
                                                             ^

  ! P2P Error in Ultra MRF Dau Annex: function curdate() does not exist
LINE 1: ...1' and release_date IS NOT NULL and release_date > CURDATE()
                                                              ^
HINT:  No function matches the given name and argument types. You might need to add explicit type casts.

  [Stock Entry] MAT-STE-2026-00024: Material Transfer [UMDA-STORES-E1-T1-01 -> UMDA-STORES-D1-S2-02]

[Ultra MRF San Fernando] (Cost Center: Main - UMSF | Warehouse: Stores - UMSF)
  ! O2C Error in Ultra MRF San Fernando: column "outstanding_in_account_currency" does not exist
LINE 1: ...D "vouchers"."party"="outstanding"."party" HAVING "outstandi...
                                                             ^

  ! P2P Error in Ultra MRF San Fernando: function curdate() does not exist
LINE 1: ...1' and release_date IS NOT NULL and release_date > CURDATE()
                                                              ^
HINT:  No function matches the given name and argument types. You might need to add explicit type casts.

  [Stock Entry] MAT-STE-2026-00025: Material Transfer [UMSF-STORES-E1-T1-01 -> UMSF-STORES-D1-S2-02]

[Wheel Core] (Cost Center: Main - WCORE | Warehouse: Stores - WCORE)
  ! O2C Error in Wheel Core: column "outstanding_in_account_currency" does not exist
LINE 1: ...D "vouchers"."party"="outstanding"."party" HAVING "outstandi...
                                                             ^

  ! P2P Error in Wheel Core: function curdate() does not exist
LINE 1: ...1' and release_date IS NOT NULL and release_date > CURDATE()
                                                              ^
HINT:  No function matches the given name and argument types. You might need to add explicit type casts.

  [Stock Entry] MAT-STE-2026-00026: Material Transfer [WCORE-STORES-E1-T1-01 -> WCORE-STORES-D1-S2-02]

[Ultra MRF Telebastagan] (Cost Center: Main - UMTEL | Warehouse: Stores - UMTEL)
  ! O2C Error in Ultra MRF Telebastagan: column "outstanding_in_account_currency" does not exist
LINE 1: ...D "vouchers"."party"="outstanding"."party" HAVING "outstandi...
                                                             ^

  ! P2P Error in Ultra MRF Telebastagan: function curdate() does not exist
LINE 1: ...1' and release_date IS NOT NULL and release_date > CURDATE()
                                                              ^
HINT:  No function matches the given name and argument types. You might need to add explicit type casts.

  [Stock Entry] MAT-STE-2026-00027: Material Transfer [UMTEL-STORES-E1-T1-01 -> UMTEL-STORES-D1-S2-02]

[Automan Car Care Center] (Cost Center: Main - AUTOMAN | Warehouse: Stores - AUTOMAN)
  ! O2C Error in Automan Car Care Center: column "outstanding_in_account_currency" does not exist
LINE 1: ...D "vouchers"."party"="outstanding"."party" HAVING "outstandi...
                                                             ^

  ! P2P Error in Automan Car Care Center: function curdate() does not exist
LINE 1: ...1' and release_date IS NOT NULL and release_date > CURDATE()
                                                              ^
HINT:  No function matches the given name and argument types. You might need to add explicit type casts.

  [Stock Entry] MAT-STE-2026-00028: Material Transfer [AUTOMAN-STORES-E1-T1-01 -> AUTOMAN-STORES-D1-S2-02]

[The Wheelhub] (Cost Center: Main - WHUB | Warehouse: Stores - WHUB)
  ! O2C Error in The Wheelhub: column "outstanding_in_account_currency" does not exist
LINE 1: ...D "vouchers"."party"="outstanding"."party" HAVING "outstandi...
                                                             ^

  ! P2P Error in The Wheelhub: function curdate() does not exist
LINE 1: ...1' and release_date IS NOT NULL and release_date > CURDATE()
                                                              ^
HINT:  No function matches the given name and argument types. You might need to add explicit type casts.

  [Stock Entry] MAT-STE-2026-00029: Material Transfer [WHUB-STORES-E1-T1-01 -> WHUB-STORES-D1-S2-02]

[ULTRA MRF] (Cost Center: Main - UM | Warehouse: Stores - UM)
  ! O2C Error in ULTRA MRF: column "outstanding_in_account_currency" does not exist
LINE 1: ...D "vouchers"."party"="outstanding"."party" HAVING "outstandi...
                                                             ^

  ! P2P Error in ULTRA MRF: function curdate() does not exist
LINE 1: ...1' and release_date IS NOT NULL and release_date > CURDATE()
                                                              ^
HINT:  No function matches the given name and argument types. You might need to add explicit type casts.

  [Stock Entry] MAT-STE-2026-00030: Material Transfer [UM-STORES-E1-T1-01 -> UM-STORES-D1-S2-02]

[Ultra MRF Warehouse Dau] (Cost Center: Main - UMDW | Warehouse: Stores - UMDW)
  ! O2C Error in Ultra MRF Warehouse Dau: column "outstanding_in_account_currency" does not exist
LINE 1: ...D "vouchers"."party"="outstanding"."party" HAVING "outstandi...
                                                             ^

  ! P2P Error in Ultra MRF Warehouse Dau: function curdate() does not exist
LINE 1: ...1' and release_date IS NOT NULL and release_date > CURDATE()
                                                              ^
HINT:  No function matches the given name and argument types. You might need to add explicit type casts.

  [Stock Entry] MAT-STE-2026-00031: Material Transfer [UMDW-STORES-E1-T1-01 -> UMDW-STORES-D1-S2-02]

[San Fernando Warehouse] (Cost Center: Main - SFWH | Warehouse: Stores - SFWH)
  ! O2C Error in San Fernando Warehouse: column "outstanding_in_account_currency" does not exist
LINE 1: ...D "vouchers"."party"="outstanding"."party" HAVING "outstandi...
                                                             ^

  ! P2P Error in San Fernando Warehouse: function curdate() does not exist
LINE 1: ...1' and release_date IS NOT NULL and release_date > CURDATE()
                                                              ^
HINT:  No function matches the given name and argument types. You might need to add explicit type casts.

  [Stock Entry] MAT-STE-2026-00032: Material Transfer [SFWH-STORES-E1-T1-01 -> SFWH-STORES-D1-S2-02]

[Ultra MRF Mexico Warehouse] (Cost Center: Main - MEXWH | Warehouse: Stores - MEXWH)
  ! O2C Error in Ultra MRF Mexico Warehouse: column "outstanding_in_account_currency" does not exist
LINE 1: ...D "vouchers"."party"="outstanding"."party" HAVING "outstandi...
                                                             ^

  ! P2P Error in Ultra MRF Mexico Warehouse: function curdate() does not exist
LINE 1: ...1' and release_date IS NOT NULL and release_date > CURDATE()
                                                              ^
HINT:  No function matches the given name and argument types. You might need to add explicit type casts.

  [Stock Entry] MAT-STE-2026-00033: Material Transfer [MEXWH-STORES-E1-T1-01 -> MEXWH-STORES-D1-S2-02]

======================================================================
  TRANSACTION EXECUTION COMPLETED:
  - Order-to-Cash (O2C) Full Cycles: 0 branches
  - Procure-to-Pay (P2P) Full Cycles: 0 branches
  - Stock Entries with Bin Dimensions: 11 branches
======================================================================
(query, params, *args, **kwargs)  # nosemgrep
  File "/workspace/frappe-bench/apps/frappe/frappe/database/postgres/database.py", line 234, in sql
    return super().sql(modify_query(query), modify_values(values), *args, **kwargs)
  File "/workspace/frappe-bench/apps/frappe/frappe/database/database.py", line 294, in sql
    traceback.print_stack()
Error in query:
column "outstanding_in_account_currency" does not exist
LINE 1: ...D "vouchers"."party"="outstanding"."party" HAVING "outstandi...
                                                             ^

  File "/workspace/frappe-bench/generate_all_module_transactions.py", line 467, in <module>
    pe_buy.insert(ignore_permissions=True)
  File "/workspace/frappe-bench/apps/frappe/frappe/model/document.py", line 486, in insert
    self.run_before_save_methods()
  File "/workspace/frappe-bench/apps/frappe/frappe/model/document.py", line 1411, in run_before_save_methods
    self.run_method("validate")
  File "/workspace/frappe-bench/apps/frappe/frappe/model/document.py", line 1260, in run_method
    out = Document.hook(fn)(self, *args, **kwargs)
  File "/workspace/frappe-bench/apps/frappe/frappe/model/document.py", line 1661, in composer
    return composed(self, method, *args, **kwargs)
  File "/workspace/frappe-bench/apps/frappe/frappe/model/document.py", line 1635, in runner
    add_to_return_value(self, fn(self, *args, **kwargs))
  File "/workspace/frappe-bench/apps/frappe/frappe/model/document.py", line 1257, in fn
    return method_object(*args, **kwargs)
  File "/workspace/frappe-bench/apps/erpnext/erpnext/accounts/doctype/payment_entry/payment_entry.py", line 192, in validate
    self.validate_allocated_amount()
  File "/workspace/frappe-bench/apps/erpnext/erpnext/accounts/doctype/payment_entry/payment_entry.py", line 372, in validate_allocated_amount
    self.validate_allocated_amount_with_latest_data()
  File "/workspace/frappe-bench/apps/erpnext/erpnext/accounts/doctype/payment_entry/payment_entry.py", line 425, in validate_allocated_amount_with_latest_data
    latest_references = get_outstanding_reference_documents(
  File "/workspace/frappe-bench/apps/frappe/frappe/utils/typing_validations.py", line 36, in wrapper
    return func(*args, **kwargs)
  File "/workspace/frappe-bench/apps/erpnext/erpnext/accounts/doctype/payment_entry/payment_entry.py", line 2390, in get_outstanding_reference_documents
    outstanding_invoices = get_outstanding_invoices(
  File "/workspace/frappe-bench/apps/erpnext/erpnext/accounts/utils.py", line 1265, in get_outstanding_invoices
    held_invoices = get_held_invoices(party_type, party)
  File "/workspace/frappe-bench/apps/erpnext/erpnext/accounts/utils.py", line 1230, in get_held_invoices
    held_invoices = frappe.db.sql(
  File "/workspace/frappe-bench/apps/frappe/frappe/database/postgres/database.py", line 234, in sql
    return super().sql(modify_query(query), modify_values(values), *args, **kwargs)
  File "/workspace/frappe-bench/apps/frappe/frappe/database/database.py", line 294, in sql
    traceback.print_stack()
Error in query:
function curdate() does not exist
LINE 1: ...1' and release_date IS NOT NULL and release_date > CURDATE()
                                                              ^
HINT:  No function matches the given name and argument types. You might need to add explicit type casts.

  File "/workspace/frappe-bench/generate_all_module_transactions.py", line 332, in <module>
    pe_sales.insert(ignore_permissions=True)
  File "/workspace/frappe-bench/apps/frappe/frappe/model/document.py", line 486, in insert
    self.run_before_save_methods()
  File "/workspace/frappe-bench/apps/frappe/frappe/model/document.py", line 1411, in run_before_save_methods
    self.run_method("validate")
  File "/workspace/frappe-bench/apps/frappe/frappe/model/document.py", line 1260, in run_method
    out = Document.hook(fn)(self, *args, **kwargs)
  File "/workspace/frappe-bench/apps/frappe/frappe/model/document.py", line 1661, in composer
    return composed(self, method, *args, **kwargs)
  File "/workspace/frappe-bench/apps/frappe/frappe/model/document.py", line 1635, in runner
    add_to_return_value(self, fn(self, *args, **kwargs))
  File "/workspace/frappe-bench/apps/frappe/frappe/model/document.py", line 1257, in fn
    return method_object(*args, **kwargs)
  File "/workspace/frappe-bench/apps/erpnext/erpnext/accounts/doctype/payment_entry/payment_entry.py", line 192, in validate
    self.validate_allocated_amount()
  File "/workspace/frappe-bench/apps/erpnext/erpnext/accounts/doctype/payment_entry/payment_entry.py", line 372, in validate_allocated_amount
    self.validate_allocated_amount_with_latest_data()
  File "/workspace/frappe-bench/apps/erpnext/erpnext/accounts/doctype/payment_entry/payment_entry.py", line 425, in validate_allocated_amount_with_latest_data
    latest_references = get_outstanding_reference_documents(
  File "/workspace/frappe-bench/apps/frappe/frappe/utils/typing_validations.py", line 36, in wrapper
    return func(*args, **kwargs)
  File "/workspace/frappe-bench/apps/erpnext/erpnext/accounts/doctype/payment_entry/payment_entry.py", line 2390, in get_outstanding_reference_documents
    outstanding_invoices = get_outstanding_invoices(
  File "/workspace/frappe-bench/apps/erpnext/erpnext/accounts/utils.py", line 1274, in get_outstanding_invoices
    invoice_list = ple_query.get_voucher_outstandings(
  File "/workspace/frappe-bench/apps/erpnext/erpnext/accounts/utils.py", line 2487, in get_voucher_outstandings
    self.query_for_outstanding()
  File "/workspace/frappe-bench/apps/erpnext/erpnext/accounts/utils.py", line 2450, in query_for_outstanding
    self.voucher_outstandings = self.cte_query_voucher_amount_and_outstanding.run(as_dict=True)
  File "/workspace/frappe-bench/apps/frappe/frappe/query_builder/utils.py", line 139, in execute_query
    result = frappe.local.db.sql(query, params, *args, **kwargs)  # nosemgrep
  File "/workspace/frappe-bench/apps/frappe/frappe/database/postgres/database.py", line 234, in sql
    return super().sql(modify_query(query), modify_values(values), *args, **kwargs)
  File "/workspace/frappe-bench/apps/frappe/frappe/database/database.py", line 294, in sql
    traceback.print_stack()
Error in query:
column "outstanding_in_account_currency" does not exist
LINE 1: ...D "vouchers"."party"="outstanding"."party" HAVING "outstandi...
                                                             ^

  File "/workspace/frappe-bench/generate_all_module_transactions.py", line 467, in <module>
    pe_buy.insert(ignore_permissions=True)
  File "/workspace/frappe-bench/apps/frappe/frappe/model/document.py", line 486, in insert
    self.run_before_save_methods()
  File "/workspace/frappe-bench/apps/frappe/frappe/model/document.py", line 1411, in run_before_save_methods
    self.run_method("validate")
  File "/workspace/frappe-bench/apps/frappe/frappe/model/document.py", line 1260, in run_method
    out = Document.hook(fn)(self, *args, **kwargs)
  File "/workspace/frappe-bench/apps/frappe/frappe/model/document.py", line 1661, in composer
    return composed(self, method, *args, **kwargs)
  File "/workspace/frappe-bench/apps/frappe/frappe/model/document.py", line 1635, in runner
    add_to_return_value(self, fn(self, *args, **kwargs))
  File "/workspace/frappe-bench/apps/frappe/frappe/model/document.py", line 1257, in fn
    return method_object(*args, **kwargs)
  File "/workspace/frappe-bench/apps/erpnext/erpnext/accounts/doctype/payment_entry/payment_entry.py", line 192, in validate
    self.validate_allocated_amount()
  File "/workspace/frappe-bench/apps/erpnext/erpnext/accounts/doctype/payment_entry/payment_entry.py", line 372, in validate_allocated_amount
    self.validate_allocated_amount_with_latest_data()
  File "/workspace/frappe-bench/apps/erpnext/erpnext/accounts/doctype/payment_entry/payment_entry.py", line 425, in validate_allocated_amount_with_latest_data
    latest_references = get_outstanding_reference_documents(
  File "/workspace/frappe-bench/apps/frappe/frappe/utils/typing_validations.py", line 36, in wrapper
    return func(*args, **kwargs)
  File "/workspace/frappe-bench/apps/erpnext/erpnext/accounts/doctype/payment_entry/payment_entry.py", line 2390, in get_outstanding_reference_documents
    outstanding_invoices = get_outstanding_invoices(
  File "/workspace/frappe-bench/apps/erpnext/erpnext/accounts/utils.py", line 1265, in get_outstanding_invoices
    held_invoices = get_held_invoices(party_type, party)
  File "/workspace/frappe-bench/apps/erpnext/erpnext/accounts/utils.py", line 1230, in get_held_invoices
    held_invoices = frappe.db.sql(
  File "/workspace/frappe-bench/apps/frappe/frappe/database/postgres/database.py", line 234, in sql
    return super().sql(modify_query(query), modify_values(values), *args, **kwargs)
  File "/workspace/frappe-bench/apps/frappe/frappe/database/database.py", line 294, in sql
    traceback.print_stack()
Error in query:
function curdate() does not exist
LINE 1: ...1' and release_date IS NOT NULL and release_date > CURDATE()
                                                              ^
HINT:  No function matches the given name and argument types. You might need to add explicit type casts.

  File "/workspace/frappe-bench/generate_all_module_transactions.py", line 332, in <module>
    pe_sales.insert(ignore_permissions=True)
  File "/workspace/frappe-bench/apps/frappe/frappe/model/document.py", line 486, in insert
    self.run_before_save_methods()
  File "/workspace/frappe-bench/apps/frappe/frappe/model/document.py", line 1411, in run_before_save_methods
    self.run_method("validate")
  File "/workspace/frappe-bench/apps/frappe/frappe/model/document.py", line 1260, in run_method
    out = Document.hook(fn)(self, *args, **kwargs)
  File "/workspace/frappe-bench/apps/frappe/frappe/model/document.py", line 1661, in composer
    return composed(self, method, *args, **kwargs)
  File "/workspace/frappe-bench/apps/frappe/frappe/model/document.py", line 1635, in runner
    add_to_return_value(self, fn(self, *args, **kwargs))
  File "/workspace/frappe-bench/apps/frappe/frappe/model/document.py", line 1257, in fn
    return method_object(*args, **kwargs)
  File "/workspace/frappe-bench/apps/erpnext/erpnext/accounts/doctype/payment_entry/payment_entry.py", line 192, in validate
    self.validate_allocated_amount()
  File "/workspace/frappe-bench/apps/erpnext/erpnext/accounts/doctype/payment_entry/payment_entry.py", line 372, in validate_allocated_amount
    self.validate_allocated_amount_with_latest_data()
  File "/workspace/frappe-bench/apps/erpnext/erpnext/accounts/doctype/payment_entry/payment_entry.py", line 425, in validate_allocated_amount_with_latest_data
    latest_references = get_outstanding_reference_documents(
  File "/workspace/frappe-bench/apps/frappe/frappe/utils/typing_validations.py", line 36, in wrapper
    return func(*args, **kwargs)
  File "/workspace/frappe-bench/apps/erpnext/erpnext/accounts/doctype/payment_entry/payment_entry.py", line 2390, in get_outstanding_reference_documents
    outstanding_invoices = get_outstanding_invoices(
  File "/workspace/frappe-bench/apps/erpnext/erpnext/accounts/utils.py", line 1274, in get_outstanding_invoices
    invoice_list = ple_query.get_voucher_outstandings(
  File "/workspace/frappe-bench/apps/erpnext/erpnext/accounts/utils.py", line 2487, in get_voucher_outstandings
    self.query_for_outstanding()
  File "/workspace/frappe-bench/apps/erpnext/erpnext/accounts/utils.py", line 2450, in query_for_outstanding
    self.voucher_outstandings = self.cte_query_voucher_amount_and_outstanding.run(as_dict=True)
  File "/workspace/frappe-bench/apps/frappe/frappe/query_builder/utils.py", line 139, in execute_query
    result = frappe.local.db.sql(query, params, *args, **kwargs)  # nosemgrep
  File "/workspace/frappe-bench/apps/frappe/frappe/database/postgres/database.py", line 234, in sql
    return super().sql(modify_query(query), modify_values(values), *args, **kwargs)
  File "/workspace/frappe-bench/apps/frappe/frappe/database/database.py", line 294, in sql
    traceback.print_stack()
Error in query:
column "outstanding_in_account_currency" does not exist
LINE 1: ...D "vouchers"."party"="outstanding"."party" HAVING "outstandi...
                                                             ^

  File "/workspace/frappe-bench/generate_all_module_transactions.py", line 467, in <module>
    pe_buy.insert(ignore_permissions=True)
  File "/workspace/frappe-bench/apps/frappe/frappe/model/document.py", line 486, in insert
    self.run_before_save_methods()
  File "/workspace/frappe-bench/apps/frappe/frappe/model/document.py", line 1411, in run_before_save_methods
    self.run_method("validate")
  File "/workspace/frappe-bench/apps/frappe/frappe/model/document.py", line 1260, in run_method
    out = Document.hook(fn)(self, *args, **kwargs)
  File "/workspace/frappe-bench/apps/frappe/frappe/model/document.py", line 1661, in composer
    return composed(self, method, *args, **kwargs)
  File "/workspace/frappe-bench/apps/frappe/frappe/model/document.py", line 1635, in runner
    add_to_return_value(self, fn(self, *args, **kwargs))
  File "/workspace/frappe-bench/apps/frappe/frappe/model/document.py", line 1257, in fn
    return method_object(*args, **kwargs)
  File "/workspace/frappe-bench/apps/erpnext/erpnext/accounts/doctype/payment_entry/payment_entry.py", line 192, in validate
    self.validate_allocated_amount()
  File "/workspace/frappe-bench/apps/erpnext/erpnext/accounts/doctype/payment_entry/payment_entry.py", line 372, in validate_allocated_amount
    self.validate_allocated_amount_with_latest_data()
  File "/workspace/frappe-bench/apps/erpnext/erpnext/accounts/doctype/payment_entry/payment_entry.py", line 425, in validate_allocated_amount_with_latest_data
    latest_references = get_outstanding_reference_documents(
  File "/workspace/frappe-bench/apps/frappe/frappe/utils/typing_validations.py", line 36, in wrapper
    return func(*args, **kwargs)
  File "/workspace/frappe-bench/apps/erpnext/erpnext/accounts/doctype/payment_entry/payment_entry.py", line 2390, in get_outstanding_reference_documents
    outstanding_invoices = get_outstanding_invoices(
  File "/workspace/frappe-bench/apps/erpnext/erpnext/accounts/utils.py", line 1265, in get_outstanding_invoices
    held_invoices = get_held_invoices(party_type, party)
  File "/workspace/frappe-bench/apps/erpnext/erpnext/accounts/utils.py", line 1230, in get_held_invoices
    held_invoices = frappe.db.sql(
  File "/workspace/frappe-bench/apps/frappe/frappe/database/postgres/database.py", line 234, in sql
    return super().sql(modify_query(query), modify_values(values), *args, **kwargs)
  File "/workspace/frappe-bench/apps/frappe/frappe/database/database.py", line 294, in sql
    traceback.print_stack()
Error in query:
function curdate() does not exist
LINE 1: ...1' and release_date IS NOT NULL and release_date > CURDATE()
                                                              ^
HINT:  No function matches the given name and argument types. You might need to add explicit type casts.

  File "/workspace/frappe-bench/generate_all_module_transactions.py", line 332, in <module>
    pe_sales.insert(ignore_permissions=True)
  File "/workspace/frappe-bench/apps/frappe/frappe/model/document.py", line 486, in insert
    self.run_before_save_methods()
  File "/workspace/frappe-bench/apps/frappe/frappe/model/document.py", line 1411, in run_before_save_methods
    self.run_method("validate")
  File "/workspace/frappe-bench/apps/frappe/frappe/model/document.py", line 1260, in run_method
    out = Document.hook(fn)(self, *args, **kwargs)
  File "/workspace/frappe-bench/apps/frappe/frappe/model/document.py", line 1661, in composer
    return composed(self, method, *args, **kwargs)
  File "/workspace/frappe-bench/apps/frappe/frappe/model/document.py", line 1635, in runner
    add_to_return_value(self, fn(self, *args, **kwargs))
  File "/workspace/frappe-bench/apps/frappe/frappe/model/document.py", line 1257, in fn
    return method_object(*args, **kwargs)
  File "/workspace/frappe-bench/apps/erpnext/erpnext/accounts/doctype/payment_entry/payment_entry.py", line 192, in validate
    self.validate_allocated_amount()
  File "/workspace/frappe-bench/apps/erpnext/erpnext/accounts/doctype/payment_entry/payment_entry.py", line 372, in validate_allocated_amount
    self.validate_allocated_amount_with_latest_data()
  File "/workspace/frappe-bench/apps/erpnext/erpnext/accounts/doctype/payment_entry/payment_entry.py", line 425, in validate_allocated_amount_with_latest_data
    latest_references = get_outstanding_reference_documents(
  File "/workspace/frappe-bench/apps/frappe/frappe/utils/typing_validations.py", line 36, in wrapper
    return func(*args, **kwargs)
  File "/workspace/frappe-bench/apps/erpnext/erpnext/accounts/doctype/payment_entry/payment_entry.py", line 2390, in get_outstanding_reference_documents
    outstanding_invoices = get_outstanding_invoices(
  File "/workspace/frappe-bench/apps/erpnext/erpnext/accounts/utils.py", line 1274, in get_outstanding_invoices
    invoice_list = ple_query.get_voucher_outstandings(
  File "/workspace/frappe-bench/apps/erpnext/erpnext/accounts/utils.py", line 2487, in get_voucher_outstandings
    self.query_for_outstanding()
  File "/workspace/frappe-bench/apps/erpnext/erpnext/accounts/utils.py", line 2450, in query_for_outstanding
    self.voucher_outstandings = self.cte_query_voucher_amount_and_outstanding.run(as_dict=True)
  File "/workspace/frappe-bench/apps/frappe/frappe/query_builder/utils.py", line 139, in execute_query
    result = frappe.local.db.sql(query, params, *args, **kwargs)  # nosemgrep
  File "/workspace/frappe-bench/apps/frappe/frappe/database/postgres/database.py", line 234, in sql
    return super().sql(modify_query(query), modify_values(values), *args, **kwargs)
  File "/workspace/frappe-bench/apps/frappe/frappe/database/database.py", line 294, in sql
    traceback.print_stack()
Error in query:
column "outstanding_in_account_currency" does not exist
LINE 1: ...D "vouchers"."party"="outstanding"."party" HAVING "outstandi...
                                                             ^

  File "/workspace/frappe-bench/generate_all_module_transactions.py", line 467, in <module>
    pe_buy.insert(ignore_permissions=True)
  File "/workspace/frappe-bench/apps/frappe/frappe/model/document.py", line 486, in insert
    self.run_before_save_methods()
  File "/workspace/frappe-bench/apps/frappe/frappe/model/document.py", line 1411, in run_before_save_methods
    self.run_method("validate")
  File "/workspace/frappe-bench/apps/frappe/frappe/model/document.py", line 1260, in run_method
    out = Document.hook(fn)(self, *args, **kwargs)
  File "/workspace/frappe-bench/apps/frappe/frappe/model/document.py", line 1661, in composer
    return composed(self, method, *args, **kwargs)
  File "/workspace/frappe-bench/apps/frappe/frappe/model/document.py", line 1635, in runner
    add_to_return_value(self, fn(self, *args, **kwargs))
  File "/workspace/frappe-bench/apps/frappe/frappe/model/document.py", line 1257, in fn
    return method_object(*args, **kwargs)
  File "/workspace/frappe-bench/apps/erpnext/erpnext/accounts/doctype/payment_entry/payment_entry.py", line 192, in validate
    self.validate_allocated_amount()
  File "/workspace/frappe-bench/apps/erpnext/erpnext/accounts/doctype/payment_entry/payment_entry.py", line 372, in validate_allocated_amount
    self.validate_allocated_amount_with_latest_data()
  File "/workspace/frappe-bench/apps/erpnext/erpnext/accounts/doctype/payment_entry/payment_entry.py", line 425, in validate_allocated_amount_with_latest_data
    latest_references = get_outstanding_reference_documents(
  File "/workspace/frappe-bench/apps/frappe/frappe/utils/typing_validations.py", line 36, in wrapper
    return func(*args, **kwargs)
  File "/workspace/frappe-bench/apps/erpnext/erpnext/accounts/doctype/payment_entry/payment_entry.py", line 2390, in get_outstanding_reference_documents
    outstanding_invoices = get_outstanding_invoices(
  File "/workspace/frappe-bench/apps/erpnext/erpnext/accounts/utils.py", line 1265, in get_outstanding_invoices
    held_invoices = get_held_invoices(party_type, party)
  File "/workspace/frappe-bench/apps/erpnext/erpnext/accounts/utils.py", line 1230, in get_held_invoices
    held_invoices = frappe.db.sql(
  File "/workspace/frappe-bench/apps/frappe/frappe/database/postgres/database.py", line 234, in sql
    return super().sql(modify_query(query), modify_values(values), *args, **kwargs)
  File "/workspace/frappe-bench/apps/frappe/frappe/database/database.py", line 294, in sql
    traceback.print_stack()
Error in query:
function curdate() does not exist
LINE 1: ...1' and release_date IS NOT NULL and release_date > CURDATE()
                                                              ^
HINT:  No function matches the given name and argument types. You might need to add explicit type casts.

  File "/workspace/frappe-bench/generate_all_module_transactions.py", line 332, in <module>
    pe_sales.insert(ignore_permissions=True)
  File "/workspace/frappe-bench/apps/frappe/frappe/model/document.py", line 486, in insert
    self.run_before_save_methods()
  File "/workspace/frappe-bench/apps/frappe/frappe/model/document.py", line 1411, in run_before_save_methods
    self.run_method("validate")
  File "/workspace/frappe-bench/apps/frappe/frappe/model/document.py", line 1260, in run_method
    out = Document.hook(fn)(self, *args, **kwargs)
  File "/workspace/frappe-bench/apps/frappe/frappe/model/document.py", line 1661, in composer
    return composed(self, method, *args, **kwargs)
  File "/workspace/frappe-bench/apps/frappe/frappe/model/document.py", line 1635, in runner
    add_to_return_value(self, fn(self, *args, **kwargs))
  File "/workspace/frappe-bench/apps/frappe/frappe/model/document.py", line 1257, in fn
    return method_object(*args, **kwargs)
  File "/workspace/frappe-bench/apps/erpnext/erpnext/accounts/doctype/payment_entry/payment_entry.py", line 192, in validate
    self.validate_allocated_amount()
  File "/workspace/frappe-bench/apps/erpnext/erpnext/accounts/doctype/payment_entry/payment_entry.py", line 372, in validate_allocated_amount
    self.validate_allocated_amount_with_latest_data()
  File "/workspace/frappe-bench/apps/erpnext/erpnext/accounts/doctype/payment_entry/payment_entry.py", line 425, in validate_allocated_amount_with_latest_data
    latest_references = get_outstanding_reference_documents(
  File "/workspace/frappe-bench/apps/frappe/frappe/utils/typing_validations.py", line 36, in wrapper
    return func(*args, **kwargs)
  File "/workspace/frappe-bench/apps/erpnext/erpnext/accounts/doctype/payment_entry/payment_entry.py", line 2390, in get_outstanding_reference_documents
    outstanding_invoices = get_outstanding_invoices(
  File "/workspace/frappe-bench/apps/erpnext/erpnext/accounts/utils.py", line 1274, in get_outstanding_invoices
    invoice_list = ple_query.get_voucher_outstandings(
  File "/workspace/frappe-bench/apps/erpnext/erpnext/accounts/utils.py", line 2487, in get_voucher_outstandings
    self.query_for_outstanding()
  File "/workspace/frappe-bench/apps/erpnext/erpnext/accounts/utils.py", line 2450, in query_for_outstanding
    self.voucher_outstandings = self.cte_query_voucher_amount_and_outstanding.run(as_dict=True)
  File "/workspace/frappe-bench/apps/frappe/frappe/query_builder/utils.py", line 139, in execute_query
    result = frappe.local.db.sql(query, params, *args, **kwargs)  # nosemgrep
  File "/workspace/frappe-bench/apps/frappe/frappe/database/postgres/database.py", line 234, in sql
    return super().sql(modify_query(query), modify_values(values), *args, **kwargs)
  File "/workspace/frappe-bench/apps/frappe/frappe/database/database.py", line 294, in sql
    traceback.print_stack()
Error in query:
column "outstanding_in_account_currency" does not exist
LINE 1: ...D "vouchers"."party"="outstanding"."party" HAVING "outstandi...
                                                             ^

  File "/workspace/frappe-bench/generate_all_module_transactions.py", line 467, in <module>
    pe_buy.insert(ignore_permissions=True)
  File "/workspace/frappe-bench/apps/frappe/frappe/model/document.py", line 486, in insert
    self.run_before_save_methods()
  File "/workspace/frappe-bench/apps/frappe/frappe/model/document.py", line 1411, in run_before_save_methods
    self.run_method("validate")
  File "/workspace/frappe-bench/apps/frappe/frappe/model/document.py", line 1260, in run_method
    out = Document.hook(fn)(self, *args, **kwargs)
  File "/workspace/frappe-bench/apps/frappe/frappe/model/document.py", line 1661, in composer
    return composed(self, method, *args, **kwargs)
  File "/workspace/frappe-bench/apps/frappe/frappe/model/document.py", line 1635, in runner
    add_to_return_value(self, fn(self, *args, **kwargs))
  File "/workspace/frappe-bench/apps/frappe/frappe/model/document.py", line 1257, in fn
    return method_object(*args, **kwargs)
  File "/workspace/frappe-bench/apps/erpnext/erpnext/accounts/doctype/payment_entry/payment_entry.py", line 192, in validate
    self.validate_allocated_amount()
  File "/workspace/frappe-bench/apps/erpnext/erpnext/accounts/doctype/payment_entry/payment_entry.py", line 372, in validate_allocated_amount
    self.validate_allocated_amount_with_latest_data()
  File "/workspace/frappe-bench/apps/erpnext/erpnext/accounts/doctype/payment_entry/payment_entry.py", line 425, in validate_allocated_amount_with_latest_data
    latest_references = get_outstanding_reference_documents(
  File "/workspace/frappe-bench/apps/frappe/frappe/utils/typing_validations.py", line 36, in wrapper
    return func(*args, **kwargs)
  File "/workspace/frappe-bench/apps/erpnext/erpnext/accounts/doctype/payment_entry/payment_entry.py", line 2390, in get_outstanding_reference_documents
    outstanding_invoices = get_outstanding_invoices(
  File "/workspace/frappe-bench/apps/erpnext/erpnext/accounts/utils.py", line 1265, in get_outstanding_invoices
    held_invoices = get_held_invoices(party_type, party)
  File "/workspace/frappe-bench/apps/erpnext/erpnext/accounts/utils.py", line 1230, in get_held_invoices
    held_invoices = frappe.db.sql(
  File "/workspace/frappe-bench/apps/frappe/frappe/database/postgres/database.py", line 234, in sql
    return super().sql(modify_query(query), modify_values(values), *args, **kwargs)
  File "/workspace/frappe-bench/apps/frappe/frappe/database/database.py", line 294, in sql
    traceback.print_stack()
Error in query:
function curdate() does not exist
LINE 1: ...1' and release_date IS NOT NULL and release_date > CURDATE()
                                                              ^
HINT:  No function matches the given name and argument types. You might need to add explicit type casts.

  File "/workspace/frappe-bench/generate_all_module_transactions.py", line 332, in <module>
    pe_sales.insert(ignore_permissions=True)
  File "/workspace/frappe-bench/apps/frappe/frappe/model/document.py", line 486, in insert
    self.run_before_save_methods()
  File "/workspace/frappe-bench/apps/frappe/frappe/model/document.py", line 1411, in run_before_save_methods
    self.run_method("validate")
  File "/workspace/frappe-bench/apps/frappe/frappe/model/document.py", line 1260, in run_method
    out = Document.hook(fn)(self, *args, **kwargs)
  File "/workspace/frappe-bench/apps/frappe/frappe/model/document.py", line 1661, in composer
    return composed(self, method, *args, **kwargs)
  File "/workspace/frappe-bench/apps/frappe/frappe/model/document.py", line 1635, in runner
    add_to_return_value(self, fn(self, *args, **kwargs))
  File "/workspace/frappe-bench/apps/frappe/frappe/model/document.py", line 1257, in fn
    return method_object(*args, **kwargs)
  File "/workspace/frappe-bench/apps/erpnext/erpnext/accounts/doctype/payment_entry/payment_entry.py", line 192, in validate
    self.validate_allocated_amount()
  File "/workspace/frappe-bench/apps/erpnext/erpnext/accounts/doctype/payment_entry/payment_entry.py", line 372, in validate_allocated_amount
    self.validate_allocated_amount_with_latest_data()
  File "/workspace/frappe-bench/apps/erpnext/erpnext/accounts/doctype/payment_entry/payment_entry.py", line 425, in validate_allocated_amount_with_latest_data
    latest_references = get_outstanding_reference_documents(
  File "/workspace/frappe-bench/apps/frappe/frappe/utils/typing_validations.py", line 36, in wrapper
    return func(*args, **kwargs)
  File "/workspace/frappe-bench/apps/erpnext/erpnext/accounts/doctype/payment_entry/payment_entry.py", line 2390, in get_outstanding_reference_documents
    outstanding_invoices = get_outstanding_invoices(
  File "/workspace/frappe-bench/apps/erpnext/erpnext/accounts/utils.py", line 1274, in get_outstanding_invoices
    invoice_list = ple_query.get_voucher_outstandings(
  File "/workspace/frappe-bench/apps/erpnext/erpnext/accounts/utils.py", line 2487, in get_voucher_outstandings
    self.query_for_outstanding()
  File "/workspace/frappe-bench/apps/erpnext/erpnext/accounts/utils.py", line 2450, in query_for_outstanding
    self.voucher_outstandings = self.cte_query_voucher_amount_and_outstanding.run(as_dict=True)
  File "/workspace/frappe-bench/apps/frappe/frappe/query_builder/utils.py", line 139, in execute_query
    result = frappe.local.db.sql(query, params, *args, **kwargs)  # nosemgrep
  File "/workspace/frappe-bench/apps/frappe/frappe/database/postgres/database.py", line 234, in sql
    return super().sql(modify_query(query), modify_values(values), *args, **kwargs)
  File "/workspace/frappe-bench/apps/frappe/frappe/database/database.py", line 294, in sql
    traceback.print_stack()
Error in query:
column "outstanding_in_account_currency" does not exist
LINE 1: ...D "vouchers"."party"="outstanding"."party" HAVING "outstandi...
                                                             ^

  File "/workspace/frappe-bench/generate_all_module_transactions.py", line 467, in <module>
    pe_buy.insert(ignore_permissions=True)
  File "/workspace/frappe-bench/apps/frappe/frappe/model/document.py", line 486, in insert
    self.run_before_save_methods()
  File "/workspace/frappe-bench/apps/frappe/frappe/model/document.py", line 1411, in run_before_save_methods
    self.run_method("validate")
  File "/workspace/frappe-bench/apps/frappe/frappe/model/document.py", line 1260, in run_method
    out = Document.hook(fn)(self, *args, **kwargs)
  File "/workspace/frappe-bench/apps/frappe/frappe/model/document.py", line 1661, in composer
    return composed(self, method, *args, **kwargs)
  File "/workspace/frappe-bench/apps/frappe/frappe/model/document.py", line 1635, in runner
    add_to_return_value(self, fn(self, *args, **kwargs))
  File "/workspace/frappe-bench/apps/frappe/frappe/model/document.py", line 1257, in fn
    return method_object(*args, **kwargs)
  File "/workspace/frappe-bench/apps/erpnext/erpnext/accounts/doctype/payment_entry/payment_entry.py", line 192, in validate
    self.validate_allocated_amount()
  File "/workspace/frappe-bench/apps/erpnext/erpnext/accounts/doctype/payment_entry/payment_entry.py", line 372, in validate_allocated_amount
    self.validate_allocated_amount_with_latest_data()
  File "/workspace/frappe-bench/apps/erpnext/erpnext/accounts/doctype/payment_entry/payment_entry.py", line 425, in validate_allocated_amount_with_latest_data
    latest_references = get_outstanding_reference_documents(
  File "/workspace/frappe-bench/apps/frappe/frappe/utils/typing_validations.py", line 36, in wrapper
    return func(*args, **kwargs)
  File "/workspace/frappe-bench/apps/erpnext/erpnext/accounts/doctype/payment_entry/payment_entry.py", line 2390, in get_outstanding_reference_documents
    outstanding_invoices = get_outstanding_invoices(
  File "/workspace/frappe-bench/apps/erpnext/erpnext/accounts/utils.py", line 1265, in get_outstanding_invoices
    held_invoices = get_held_invoices(party_type, party)
  File "/workspace/frappe-bench/apps/erpnext/erpnext/accounts/utils.py", line 1230, in get_held_invoices
    held_invoices = frappe.db.sql(
  File "/workspace/frappe-bench/apps/frappe/frappe/database/postgres/database.py", line 234, in sql
    return super().sql(modify_query(query), modify_values(values), *args, **kwargs)
  File "/workspace/frappe-bench/apps/frappe/frappe/database/database.py", line 294, in sql
    traceback.print_stack()
Error in query:
function curdate() does not exist
LINE 1: ...1' and release_date IS NOT NULL and release_date > CURDATE()
                                                              ^
HINT:  No function matches the given name and argument types. You might need to add explicit type casts.

  File "/workspace/frappe-bench/generate_all_module_transactions.py", line 332, in <module>
    pe_sales.insert(ignore_permissions=True)
  File "/workspace/frappe-bench/apps/frappe/frappe/model/document.py", line 486, in insert
    self.run_before_save_methods()
  File "/workspace/frappe-bench/apps/frappe/frappe/model/document.py", line 1411, in run_before_save_methods
    self.run_method("validate")
  File "/workspace/frappe-bench/apps/frappe/frappe/model/document.py", line 1260, in run_method
    out = Document.hook(fn)(self, *args, **kwargs)
  File "/workspace/frappe-bench/apps/frappe/frappe/model/document.py", line 1661, in composer
    return composed(self, method, *args, **kwargs)
  File "/workspace/frappe-bench/apps/frappe/frappe/model/document.py", line 1635, in runner
    add_to_return_value(self, fn(self, *args, **kwargs))
  File "/workspace/frappe-bench/apps/frappe/frappe/model/document.py", line 1257, in fn
    return method_object(*args, **kwargs)
  File "/workspace/frappe-bench/apps/erpnext/erpnext/accounts/doctype/payment_entry/payment_entry.py", line 192, in validate
    self.validate_allocated_amount()
  File "/workspace/frappe-bench/apps/erpnext/erpnext/accounts/doctype/payment_entry/payment_entry.py", line 372, in validate_allocated_amount
    self.validate_allocated_amount_with_latest_data()
  File "/workspace/frappe-bench/apps/erpnext/erpnext/accounts/doctype/payment_entry/payment_entry.py", line 425, in validate_allocated_amount_with_latest_data
    latest_references = get_outstanding_reference_documents(
  File "/workspace/frappe-bench/apps/frappe/frappe/utils/typing_validations.py", line 36, in wrapper
    return func(*args, **kwargs)
  File "/workspace/frappe-bench/apps/erpnext/erpnext/accounts/doctype/payment_entry/payment_entry.py", line 2390, in get_outstanding_reference_documents
    outstanding_invoices = get_outstanding_invoices(
  File "/workspace/frappe-bench/apps/erpnext/erpnext/accounts/utils.py", line 1274, in get_outstanding_invoices
    invoice_list = ple_query.get_voucher_outstandings(
  File "/workspace/frappe-bench/apps/erpnext/erpnext/accounts/utils.py", line 2487, in get_voucher_outstandings
    self.query_for_outstanding()
  File "/workspace/frappe-bench/apps/erpnext/erpnext/accounts/utils.py", line 2450, in query_for_outstanding
    self.voucher_outstandings = self.cte_query_voucher_amount_and_outstanding.run(as_dict=True)
  File "/workspace/frappe-bench/apps/frappe/frappe/query_builder/utils.py", line 139, in execute_query
    result = frappe.local.db.sql(query, params, *args, **kwargs)  # nosemgrep
  File "/workspace/frappe-bench/apps/frappe/frappe/database/postgres/database.py", line 234, in sql
    return super().sql(modify_query(query), modify_values(values), *args, **kwargs)
  File "/workspace/frappe-bench/apps/frappe/frappe/database/database.py", line 294, in sql
    traceback.print_stack()
Error in query:
column "outstanding_in_account_currency" does not exist
LINE 1: ...D "vouchers"."party"="outstanding"."party" HAVING "outstandi...
                                                             ^

  File "/workspace/frappe-bench/generate_all_module_transactions.py", line 467, in <module>
    pe_buy.insert(ignore_permissions=True)
  File "/workspace/frappe-bench/apps/frappe/frappe/model/document.py", line 486, in insert
    self.run_before_save_methods()
  File "/workspace/frappe-bench/apps/frappe/frappe/model/document.py", line 1411, in run_before_save_methods
    self.run_method("validate")
  File "/workspace/frappe-bench/apps/frappe/frappe/model/document.py", line 1260, in run_method
    out = Document.hook(fn)(self, *args, **kwargs)
  File "/workspace/frappe-bench/apps/frappe/frappe/model/document.py", line 1661, in composer
    return composed(self, method, *args, **kwargs)
  File "/workspace/frappe-bench/apps/frappe/frappe/model/document.py", line 1635, in runner
    add_to_return_value(self, fn(self, *args, **kwargs))
  File "/workspace/frappe-bench/apps/frappe/frappe/model/document.py", line 1257, in fn
    return method_object(*args, **kwargs)
  File "/workspace/frappe-bench/apps/erpnext/erpnext/accounts/doctype/payment_entry/payment_entry.py", line 192, in validate
    self.validate_allocated_amount()
  File "/workspace/frappe-bench/apps/erpnext/erpnext/accounts/doctype/payment_entry/payment_entry.py", line 372, in validate_allocated_amount
    self.validate_allocated_amount_with_latest_data()
  File "/workspace/frappe-bench/apps/erpnext/erpnext/accounts/doctype/payment_entry/payment_entry.py", line 425, in validate_allocated_amount_with_latest_data
    latest_references = get_outstanding_reference_documents(
  File "/workspace/frappe-bench/apps/frappe/frappe/utils/typing_validations.py", line 36, in wrapper
    return func(*args, **kwargs)
  File "/workspace/frappe-bench/apps/erpnext/erpnext/accounts/doctype/payment_entry/payment_entry.py", line 2390, in get_outstanding_reference_documents
    outstanding_invoices = get_outstanding_invoices(
  File "/workspace/frappe-bench/apps/erpnext/erpnext/accounts/utils.py", line 1265, in get_outstanding_invoices
    held_invoices = get_held_invoices(party_type, party)
  File "/workspace/frappe-bench/apps/erpnext/erpnext/accounts/utils.py", line 1230, in get_held_invoices
    held_invoices = frappe.db.sql(
  File "/workspace/frappe-bench/apps/frappe/frappe/database/postgres/database.py", line 234, in sql
    return super().sql(modify_query(query), modify_values(values), *args, **kwargs)
  File "/workspace/frappe-bench/apps/frappe/frappe/database/database.py", line 294, in sql
    traceback.print_stack()
Error in query:
function curdate() does not exist
LINE 1: ...1' and release_date IS NOT NULL and release_date > CURDATE()
                                                              ^
HINT:  No function matches the given name and argument types. You might need to add explicit type casts.

  File "/workspace/frappe-bench/generate_all_module_transactions.py", line 332, in <module>
    pe_sales.insert(ignore_permissions=True)
  File "/workspace/frappe-bench/apps/frappe/frappe/model/document.py", line 486, in insert
    self.run_before_save_methods()
  File "/workspace/frappe-bench/apps/frappe/frappe/model/document.py", line 1411, in run_before_save_methods
    self.run_method("validate")
  File "/workspace/frappe-bench/apps/frappe/frappe/model/document.py", line 1260, in run_method
    out = Document.hook(fn)(self, *args, **kwargs)
  File "/workspace/frappe-bench/apps/frappe/frappe/model/document.py", line 1661, in composer
    return composed(self, method, *args, **kwargs)
  File "/workspace/frappe-bench/apps/frappe/frappe/model/document.py", line 1635, in runner
    add_to_return_value(self, fn(self, *args, **kwargs))
  File "/workspace/frappe-bench/apps/frappe/frappe/model/document.py", line 1257, in fn
    return method_object(*args, **kwargs)
  File "/workspace/frappe-bench/apps/erpnext/erpnext/accounts/doctype/payment_entry/payment_entry.py", line 192, in validate
    self.validate_allocated_amount()
  File "/workspace/frappe-bench/apps/erpnext/erpnext/accounts/doctype/payment_entry/payment_entry.py", line 372, in validate_allocated_amount
    self.validate_allocated_amount_with_latest_data()
  File "/workspace/frappe-bench/apps/erpnext/erpnext/accounts/doctype/payment_entry/payment_entry.py", line 425, in validate_allocated_amount_with_latest_data
    latest_references = get_outstanding_reference_documents(
  File "/workspace/frappe-bench/apps/frappe/frappe/utils/typing_validations.py", line 36, in wrapper
    return func(*args, **kwargs)
  File "/workspace/frappe-bench/apps/erpnext/erpnext/accounts/doctype/payment_entry/payment_entry.py", line 2390, in get_outstanding_reference_documents
    outstanding_invoices = get_outstanding_invoices(
  File "/workspace/frappe-bench/apps/erpnext/erpnext/accounts/utils.py", line 1274, in get_outstanding_invoices
    invoice_list = ple_query.get_voucher_outstandings(
  File "/workspace/frappe-bench/apps/erpnext/erpnext/accounts/utils.py", line 2487, in get_voucher_outstandings
    self.query_for_outstanding()
  File "/workspace/frappe-bench/apps/erpnext/erpnext/accounts/utils.py", line 2450, in query_for_outstanding
    self.voucher_outstandings = self.cte_query_voucher_amount_and_outstanding.run(as_dict=True)
  File "/workspace/frappe-bench/apps/frappe/frappe/query_builder/utils.py", line 139, in execute_query
    result = frappe.local.db.sql(query, params, *args, **kwargs)  # nosemgrep
  File "/workspace/frappe-bench/apps/frappe/frappe/database/postgres/database.py", line 234, in sql
    return super().sql(modify_query(query), modify_values(values), *args, **kwargs)
  File "/workspace/frappe-bench/apps/frappe/frappe/database/database.py", line 294, in sql
    traceback.print_stack()
Error in query:
column "outstanding_in_account_currency" does not exist
LINE 1: ...D "vouchers"."party"="outstanding"."party" HAVING "outstandi...
                                                             ^

  File "/workspace/frappe-bench/generate_all_module_transactions.py", line 467, in <module>
    pe_buy.insert(ignore_permissions=True)
  File "/workspace/frappe-bench/apps/frappe/frappe/model/document.py", line 486, in insert
    self.run_before_save_methods()
  File "/workspace/frappe-bench/apps/frappe/frappe/model/document.py", line 1411, in run_before_save_methods
    self.run_method("validate")
  File "/workspace/frappe-bench/apps/frappe/frappe/model/document.py", line 1260, in run_method
    out = Document.hook(fn)(self, *args, **kwargs)
  File "/workspace/frappe-bench/apps/frappe/frappe/model/document.py", line 1661, in composer
    return composed(self, method, *args, **kwargs)
  File "/workspace/frappe-bench/apps/frappe/frappe/model/document.py", line 1635, in runner
    add_to_return_value(self, fn(self, *args, **kwargs))
  File "/workspace/frappe-bench/apps/frappe/frappe/model/document.py", line 1257, in fn
    return method_object(*args, **kwargs)
  File "/workspace/frappe-bench/apps/erpnext/erpnext/accounts/doctype/payment_entry/payment_entry.py", line 192, in validate
    self.validate_allocated_amount()
  File "/workspace/frappe-bench/apps/erpnext/erpnext/accounts/doctype/payment_entry/payment_entry.py", line 372, in validate_allocated_amount
    self.validate_allocated_amount_with_latest_data()
  File "/workspace/frappe-bench/apps/erpnext/erpnext/accounts/doctype/payment_entry/payment_entry.py", line 425, in validate_allocated_amount_with_latest_data
    latest_references = get_outstanding_reference_documents(
  File "/workspace/frappe-bench/apps/frappe/frappe/utils/typing_validations.py", line 36, in wrapper
    return func(*args, **kwargs)
  File "/workspace/frappe-bench/apps/erpnext/erpnext/accounts/doctype/payment_entry/payment_entry.py", line 2390, in get_outstanding_reference_documents
    outstanding_invoices = get_outstanding_invoices(
  File "/workspace/frappe-bench/apps/erpnext/erpnext/accounts/utils.py", line 1265, in get_outstanding_invoices
    held_invoices = get_held_invoices(party_type, party)
  File "/workspace/frappe-bench/apps/erpnext/erpnext/accounts/utils.py", line 1230, in get_held_invoices
    held_invoices = frappe.db.sql(
  File "/workspace/frappe-bench/apps/frappe/frappe/database/postgres/database.py", line 234, in sql
    return super().sql(modify_query(query), modify_values(values), *args, **kwargs)
  File "/workspace/frappe-bench/apps/frappe/frappe/database/database.py", line 294, in sql
    traceback.print_stack()
Error in query:
function curdate() does not exist
LINE 1: ...1' and release_date IS NOT NULL and release_date > CURDATE()
                                                              ^
HINT:  No function matches the given name and argument types. You might need to add explicit type casts.

  File "/workspace/frappe-bench/generate_all_module_transactions.py", line 332, in <module>
    pe_sales.insert(ignore_permissions=True)
  File "/workspace/frappe-bench/apps/frappe/frappe/model/document.py", line 486, in insert
    self.run_before_save_methods()
  File "/workspace/frappe-bench/apps/frappe/frappe/model/document.py", line 1411, in run_before_save_methods
    self.run_method("validate")
  File "/workspace/frappe-bench/apps/frappe/frappe/model/document.py", line 1260, in run_method
    out = Document.hook(fn)(self, *args, **kwargs)
  File "/workspace/frappe-bench/apps/frappe/frappe/model/document.py", line 1661, in composer
    return composed(self, method, *args, **kwargs)
  File "/workspace/frappe-bench/apps/frappe/frappe/model/document.py", line 1635, in runner
    add_to_return_value(self, fn(self, *args, **kwargs))
  File "/workspace/frappe-bench/apps/frappe/frappe/model/document.py", line 1257, in fn
    return method_object(*args, **kwargs)
  File "/workspace/frappe-bench/apps/erpnext/erpnext/accounts/doctype/payment_entry/payment_entry.py", line 192, in validate
    self.validate_allocated_amount()
  File "/workspace/frappe-bench/apps/erpnext/erpnext/accounts/doctype/payment_entry/payment_entry.py", line 372, in validate_allocated_amount
    self.validate_allocated_amount_with_latest_data()
  File "/workspace/frappe-bench/apps/erpnext/erpnext/accounts/doctype/payment_entry/payment_entry.py", line 425, in validate_allocated_amount_with_latest_data
    latest_references = get_outstanding_reference_documents(
  File "/workspace/frappe-bench/apps/frappe/frappe/utils/typing_validations.py", line 36, in wrapper
    return func(*args, **kwargs)
  File "/workspace/frappe-bench/apps/erpnext/erpnext/accounts/doctype/payment_entry/payment_entry.py", line 2390, in get_outstanding_reference_documents
    outstanding_invoices = get_outstanding_invoices(
  File "/workspace/frappe-bench/apps/erpnext/erpnext/accounts/utils.py", line 1274, in get_outstanding_invoices
    invoice_list = ple_query.get_voucher_outstandings(
  File "/workspace/frappe-bench/apps/erpnext/erpnext/accounts/utils.py", line 2487, in get_voucher_outstandings
    self.query_for_outstanding()
  File "/workspace/frappe-bench/apps/erpnext/erpnext/accounts/utils.py", line 2450, in query_for_outstanding
    self.voucher_outstandings = self.cte_query_voucher_amount_and_outstanding.run(as_dict=True)
  File "/workspace/frappe-bench/apps/frappe/frappe/query_builder/utils.py", line 139, in execute_query
    result = frappe.local.db.sql(query, params, *args, **kwargs)  # nosemgrep
  File "/workspace/frappe-bench/apps/frappe/frappe/database/postgres/database.py", line 234, in sql
    return super().sql(modify_query(query), modify_values(values), *args, **kwargs)
  File "/workspace/frappe-bench/apps/frappe/frappe/database/database.py", line 294, in sql
    traceback.print_stack()
Error in query:
column "outstanding_in_account_currency" does not exist
LINE 1: ...D "vouchers"."party"="outstanding"."party" HAVING "outstandi...
                                                             ^

  File "/workspace/frappe-bench/generate_all_module_transactions.py", line 467, in <module>
    pe_buy.insert(ignore_permissions=True)
  File "/workspace/frappe-bench/apps/frappe/frappe/model/document.py", line 486, in insert
    self.run_before_save_methods()
  File "/workspace/frappe-bench/apps/frappe/frappe/model/document.py", line 1411, in run_before_save_methods
    self.run_method("validate")
  File "/workspace/frappe-bench/apps/frappe/frappe/model/document.py", line 1260, in run_method
    out = Document.hook(fn)(self, *args, **kwargs)
  File "/workspace/frappe-bench/apps/frappe/frappe/model/document.py", line 1661, in composer
    return composed(self, method, *args, **kwargs)
  File "/workspace/frappe-bench/apps/frappe/frappe/model/document.py", line 1635, in runner
    add_to_return_value(self, fn(self, *args, **kwargs))
  File "/workspace/frappe-bench/apps/frappe/frappe/model/document.py", line 1257, in fn
    return method_object(*args, **kwargs)
  File "/workspace/frappe-bench/apps/erpnext/erpnext/accounts/doctype/payment_entry/payment_entry.py", line 192, in validate
    self.validate_allocated_amount()
  File "/workspace/frappe-bench/apps/erpnext/erpnext/accounts/doctype/payment_entry/payment_entry.py", line 372, in validate_allocated_amount
    self.validate_allocated_amount_with_latest_data()
  File "/workspace/frappe-bench/apps/erpnext/erpnext/accounts/doctype/payment_entry/payment_entry.py", line 425, in validate_allocated_amount_with_latest_data
    latest_references = get_outstanding_reference_documents(
  File "/workspace/frappe-bench/apps/frappe/frappe/utils/typing_validations.py", line 36, in wrapper
    return func(*args, **kwargs)
  File "/workspace/frappe-bench/apps/erpnext/erpnext/accounts/doctype/payment_entry/payment_entry.py", line 2390, in get_outstanding_reference_documents
    outstanding_invoices = get_outstanding_invoices(
  File "/workspace/frappe-bench/apps/erpnext/erpnext/accounts/utils.py", line 1265, in get_outstanding_invoices
    held_invoices = get_held_invoices(party_type, party)
  File "/workspace/frappe-bench/apps/erpnext/erpnext/accounts/utils.py", line 1230, in get_held_invoices
    held_invoices = frappe.db.sql(
  File "/workspace/frappe-bench/apps/frappe/frappe/database/postgres/database.py", line 234, in sql
    return super().sql(modify_query(query), modify_values(values), *args, **kwargs)
  File "/workspace/frappe-bench/apps/frappe/frappe/database/database.py", line 294, in sql
    traceback.print_stack()
Error in query:
function curdate() does not exist
LINE 1: ...1' and release_date IS NOT NULL and release_date > CURDATE()
                                                              ^
HINT:  No function matches the given name and argument types. You might need to add explicit type casts.

  File "/workspace/frappe-bench/generate_all_module_transactions.py", line 332, in <module>
    pe_sales.insert(ignore_permissions=True)
  File "/workspace/frappe-bench/apps/frappe/frappe/model/document.py", line 486, in insert
    self.run_before_save_methods()
  File "/workspace/frappe-bench/apps/frappe/frappe/model/document.py", line 1411, in run_before_save_methods
    self.run_method("validate")
  File "/workspace/frappe-bench/apps/frappe/frappe/model/document.py", line 1260, in run_method
    out = Document.hook(fn)(self, *args, **kwargs)
  File "/workspace/frappe-bench/apps/frappe/frappe/model/document.py", line 1661, in composer
    return composed(self, method, *args, **kwargs)
  File "/workspace/frappe-bench/apps/frappe/frappe/model/document.py", line 1635, in runner
    add_to_return_value(self, fn(self, *args, **kwargs))
  File "/workspace/frappe-bench/apps/frappe/frappe/model/document.py", line 1257, in fn
    return method_object(*args, **kwargs)
  File "/workspace/frappe-bench/apps/erpnext/erpnext/accounts/doctype/payment_entry/payment_entry.py", line 192, in validate
    self.validate_allocated_amount()
  File "/workspace/frappe-bench/apps/erpnext/erpnext/accounts/doctype/payment_entry/payment_entry.py", line 372, in validate_allocated_amount
    self.validate_allocated_amount_with_latest_data()
  File "/workspace/frappe-bench/apps/erpnext/erpnext/accounts/doctype/payment_entry/payment_entry.py", line 425, in validate_allocated_amount_with_latest_data
    latest_references = get_outstanding_reference_documents(
  File "/workspace/frappe-bench/apps/frappe/frappe/utils/typing_validations.py", line 36, in wrapper
    return func(*args, **kwargs)
  File "/workspace/frappe-bench/apps/erpnext/erpnext/accounts/doctype/payment_entry/payment_entry.py", line 2390, in get_outstanding_reference_documents
    outstanding_invoices = get_outstanding_invoices(
  File "/workspace/frappe-bench/apps/erpnext/erpnext/accounts/utils.py", line 1274, in get_outstanding_invoices
    invoice_list = ple_query.get_voucher_outstandings(
  File "/workspace/frappe-bench/apps/erpnext/erpnext/accounts/utils.py", line 2487, in get_voucher_outstandings
    self.query_for_outstanding()
  File "/workspace/frappe-bench/apps/erpnext/erpnext/accounts/utils.py", line 2450, in query_for_outstanding
    self.voucher_outstandings = self.cte_query_voucher_amount_and_outstanding.run(as_dict=True)
  File "/workspace/frappe-bench/apps/frappe/frappe/query_builder/utils.py", line 139, in execute_query
    result = frappe.local.db.sql(query, params, *args, **kwargs)  # nosemgrep
  File "/workspace/frappe-bench/apps/frappe/frappe/database/postgres/database.py", line 234, in sql
    return super().sql(modify_query(query), modify_values(values), *args, **kwargs)
  File "/workspace/frappe-bench/apps/frappe/frappe/database/database.py", line 294, in sql
    traceback.print_stack()
Error in query:
column "outstanding_in_account_currency" does not exist
LINE 1: ...D "vouchers"."party"="outstanding"."party" HAVING "outstandi...
                                                             ^

  File "/workspace/frappe-bench/generate_all_module_transactions.py", line 467, in <module>
    pe_buy.insert(ignore_permissions=True)
  File "/workspace/frappe-bench/apps/frappe/frappe/model/document.py", line 486, in insert
    self.run_before_save_methods()
  File "/workspace/frappe-bench/apps/frappe/frappe/model/document.py", line 1411, in run_before_save_methods
    self.run_method("validate")
  File "/workspace/frappe-bench/apps/frappe/frappe/model/document.py", line 1260, in run_method
    out = Document.hook(fn)(self, *args, **kwargs)
  File "/workspace/frappe-bench/apps/frappe/frappe/model/document.py", line 1661, in composer
    return composed(self, method, *args, **kwargs)
  File "/workspace/frappe-bench/apps/frappe/frappe/model/document.py", line 1635, in runner
    add_to_return_value(self, fn(self, *args, **kwargs))
  File "/workspace/frappe-bench/apps/frappe/frappe/model/document.py", line 1257, in fn
    return method_object(*args, **kwargs)
  File "/workspace/frappe-bench/apps/erpnext/erpnext/accounts/doctype/payment_entry/payment_entry.py", line 192, in validate
    self.validate_allocated_amount()
  File "/workspace/frappe-bench/apps/erpnext/erpnext/accounts/doctype/payment_entry/payment_entry.py", line 372, in validate_allocated_amount
    self.validate_allocated_amount_with_latest_data()
  File "/workspace/frappe-bench/apps/erpnext/erpnext/accounts/doctype/payment_entry/payment_entry.py", line 425, in validate_allocated_amount_with_latest_data
    latest_references = get_outstanding_reference_documents(
  File "/workspace/frappe-bench/apps/frappe/frappe/utils/typing_validations.py", line 36, in wrapper
    return func(*args, **kwargs)
  File "/workspace/frappe-bench/apps/erpnext/erpnext/accounts/doctype/payment_entry/payment_entry.py", line 2390, in get_outstanding_reference_documents
    outstanding_invoices = get_outstanding_invoices(
  File "/workspace/frappe-bench/apps/erpnext/erpnext/accounts/utils.py", line 1265, in get_outstanding_invoices
    held_invoices = get_held_invoices(party_type, party)
  File "/workspace/frappe-bench/apps/erpnext/erpnext/accounts/utils.py", line 1230, in get_held_invoices
    held_invoices = frappe.db.sql(
  File "/workspace/frappe-bench/apps/frappe/frappe/database/postgres/database.py", line 234, in sql
    return super().sql(modify_query(query), modify_values(values), *args, **kwargs)
  File "/workspace/frappe-bench/apps/frappe/frappe/database/database.py", line 294, in sql
    traceback.print_stack()
Error in query:
function curdate() does not exist
LINE 1: ...1' and release_date IS NOT NULL and release_date > CURDATE()
                                                              ^
HINT:  No function matches the given name and argument types. You might need to add explicit type casts.

