======================================================================
  EXECUTING COMPREHENSIVE MULTI-MODULE TRANSACTION GENERATION
======================================================================

----------------------------------------------------------------------
  PROCESSING TRANSACTIONS PER COMPANY & BRANCH
----------------------------------------------------------------------

[Ultra MRF Dau Main] (Cost Center: Main - UMDM | Warehouse: Stores - UMDM)
  ! O2C Error in Ultra MRF Dau Main: column "tabPayment Ledger Entry.account" must appear in the GROUP BY clause or be used in an aggregate function
LINE 1: WITH vouchers AS (SELECT "account","voucher_type","voucher_n...
                                 ^

  ! P2P Error in Ultra MRF Dau Main: column "tabPeriod Closing Voucher.creation" must appear in the GROUP BY clause or be used in an aggregate function
LINE 1: ...= '1' AND "company"='Ultra MRF Dau Main' ORDER BY "creation"...
                                                             ^

  [Stock Entry] MAT-STE-2026-00012: Material Transfer [UMDM-STORES-E1-T1-01 -> UMDM-STORES-D1-S2-02]

[Ultra MRF Dau Annex] (Cost Center: Main - UMDA | Warehouse: Stores - UMDA)
  ! O2C Error in Ultra MRF Dau Annex: column "tabPayment Ledger Entry.account" must appear in the GROUP BY clause or be used in an aggregate function
LINE 1: WITH vouchers AS (SELECT "account","voucher_type","voucher_n...
                                 ^

  ! P2P Error in Ultra MRF Dau Annex: column "tabPeriod Closing Voucher.creation" must appear in the GROUP BY clause or be used in an aggregate function
LINE 1: ... '1' AND "company"='Ultra MRF Dau Annex' ORDER BY "creation"...
                                                             ^

  [Stock Entry] MAT-STE-2026-00013: Material Transfer [UMDA-STORES-E1-T1-01 -> UMDA-STORES-D1-S2-02]

[Ultra MRF San Fernando] (Cost Center: Main - UMSF | Warehouse: Stores - UMSF)
  ! O2C Error in Ultra MRF San Fernando: column "tabPayment Ledger Entry.account" must appear in the GROUP BY clause or be used in an aggregate function
LINE 1: WITH vouchers AS (SELECT "account","voucher_type","voucher_n...
                                 ^

  ! P2P Error in Ultra MRF San Fernando: column "tabPeriod Closing Voucher.creation" must appear in the GROUP BY clause or be used in an aggregate function
LINE 1: ...' AND "company"='Ultra MRF San Fernando' ORDER BY "creation"...
                                                             ^

  [Stock Entry] MAT-STE-2026-00014: Material Transfer [UMSF-STORES-E1-T1-01 -> UMSF-STORES-D1-S2-02]

[Wheel Core] (Cost Center: Main - WCORE | Warehouse: Stores - WCORE)
  ! O2C Error in Wheel Core: column "tabPayment Ledger Entry.account" must appear in the GROUP BY clause or be used in an aggregate function
LINE 1: WITH vouchers AS (SELECT "account","voucher_type","voucher_n...
                                 ^

  ! P2P Error in Wheel Core: column "tabPeriod Closing Voucher.creation" must appear in the GROUP BY clause or be used in an aggregate function
LINE 1: ...cstatus"= '1' AND "company"='Wheel Core' ORDER BY "creation"...
                                                             ^

  [Stock Entry] MAT-STE-2026-00015: Material Transfer [WCORE-STORES-E1-T1-01 -> WCORE-STORES-D1-S2-02]

[Ultra MRF Telebastagan] (Cost Center: Main - UMTEL | Warehouse: Stores - UMTEL)
  ! O2C Error in Ultra MRF Telebastagan: column "tabPayment Ledger Entry.account" must appear in the GROUP BY clause or be used in an aggregate function
LINE 1: WITH vouchers AS (SELECT "account","voucher_type","voucher_n...
                                 ^

  ! P2P Error in Ultra MRF Telebastagan: column "tabPeriod Closing Voucher.creation" must appear in the GROUP BY clause or be used in an aggregate function
LINE 1: ...' AND "company"='Ultra MRF Telebastagan' ORDER BY "creation"...
                                                             ^

  [Stock Entry] MAT-STE-2026-00016: Material Transfer [UMTEL-STORES-E1-T1-01 -> UMTEL-STORES-D1-S2-02]

[Automan Car Care Center] (Cost Center: Main - AUTOMAN | Warehouse: Stores - AUTOMAN)
  ! O2C Error in Automan Car Care Center: column "tabPayment Ledger Entry.account" must appear in the GROUP BY clause or be used in an aggregate function
LINE 1: WITH vouchers AS (SELECT "account","voucher_type","voucher_n...
                                 ^

  ! P2P Error in Automan Car Care Center: column "tabPeriod Closing Voucher.creation" must appear in the GROUP BY clause or be used in an aggregate function
LINE 1: ... AND "company"='Automan Car Care Center' ORDER BY "creation"...
                                                             ^

  [Stock Entry] MAT-STE-2026-00017: Material Transfer [AUTOMAN-STORES-E1-T1-01 -> AUTOMAN-STORES-D1-S2-02]

[The Wheelhub] (Cost Center: Main - WHUB | Warehouse: Stores - WHUB)
  ! O2C Error in The Wheelhub: column "tabPayment Ledger Entry.account" must appear in the GROUP BY clause or be used in an aggregate function
LINE 1: WITH vouchers AS (SELECT "account","voucher_type","voucher_n...
                                 ^

  ! P2P Error in The Wheelhub: column "tabPeriod Closing Voucher.creation" must appear in the GROUP BY clause or be used in an aggregate function
LINE 1: ...tatus"= '1' AND "company"='The Wheelhub' ORDER BY "creation"...
                                                             ^

  [Stock Entry] MAT-STE-2026-00018: Material Transfer [WHUB-STORES-E1-T1-01 -> WHUB-STORES-D1-S2-02]

[ULTRA MRF] (Cost Center: Main - UM | Warehouse: Stores - UM)
  ! O2C Error in ULTRA MRF: column "tabPayment Ledger Entry.account" must appear in the GROUP BY clause or be used in an aggregate function
LINE 1: WITH vouchers AS (SELECT "account","voucher_type","voucher_n...
                                 ^

  ! P2P Error in ULTRA MRF: column "tabPeriod Closing Voucher.creation" must appear in the GROUP BY clause or be used in an aggregate function
LINE 1: ...ocstatus"= '1' AND "company"='ULTRA MRF' ORDER BY "creation"...
                                                             ^

  [Stock Entry] MAT-STE-2026-00019: Material Transfer [UM-STORES-E1-T1-01 -> UM-STORES-D1-S2-02]

[Ultra MRF Warehouse Dau] (Cost Center: Main - UMDW | Warehouse: Stores - UMDW)
  ! O2C Error in Ultra MRF Warehouse Dau: column "tabPayment Ledger Entry.account" must appear in the GROUP BY clause or be used in an aggregate function
LINE 1: WITH vouchers AS (SELECT "account","voucher_type","voucher_n...
                                 ^

  ! P2P Error in Ultra MRF Warehouse Dau: column "tabPeriod Closing Voucher.creation" must appear in the GROUP BY clause or be used in an aggregate function
LINE 1: ... AND "company"='Ultra MRF Warehouse Dau' ORDER BY "creation"...
                                                             ^

  [Stock Entry] MAT-STE-2026-00020: Material Transfer [UMDW-STORES-E1-T1-01 -> UMDW-STORES-D1-S2-02]

[San Fernando Warehouse] (Cost Center: Main - SFWH | Warehouse: Stores - SFWH)
  ! O2C Error in San Fernando Warehouse: column "tabPayment Ledger Entry.account" must appear in the GROUP BY clause or be used in an aggregate function
LINE 1: WITH vouchers AS (SELECT "account","voucher_type","voucher_n...
                                 ^

  ! P2P Error in San Fernando Warehouse: column "tabPeriod Closing Voucher.creation" must appear in the GROUP BY clause or be used in an aggregate function
LINE 1: ...' AND "company"='San Fernando Warehouse' ORDER BY "creation"...
                                                             ^

  [Stock Entry] MAT-STE-2026-00021: Material Transfer [SFWH-STORES-E1-T1-01 -> SFWH-STORES-D1-S2-02]

[Ultra MRF Mexico Warehouse] (Cost Center: Main - MEXWH | Warehouse: Stores - MEXWH)
  ! O2C Error in Ultra MRF Mexico Warehouse: column "tabPayment Ledger Entry.account" must appear in the GROUP BY clause or be used in an aggregate function
LINE 1: WITH vouchers AS (SELECT "account","voucher_type","voucher_n...
                                 ^

  ! P2P Error in Ultra MRF Mexico Warehouse: column "tabPeriod Closing Voucher.creation" must appear in the GROUP BY clause or be used in an aggregate function
LINE 1: ...D "company"='Ultra MRF Mexico Warehouse' ORDER BY "creation"...
                                                             ^

  [Stock Entry] MAT-STE-2026-00022: Material Transfer [MEXWH-STORES-E1-T1-01 -> MEXWH-STORES-D1-S2-02]

======================================================================
  TRANSACTION EXECUTION COMPLETED:
  - Order-to-Cash (O2C) Full Cycles: 0 branches
  - Procure-to-Pay (P2P) Full Cycles: 0 branches
  - Stock Entries with Bin Dimensions: 11 branches
======================================================================
ne 36, in wrapper
    return func(*args, **kwargs)
  File "/workspace/frappe-bench/apps/frappe/frappe/model/document.py", line 1349, in submit
    return self._submit()
  File "/workspace/frappe-bench/apps/frappe/frappe/model/document.py", line 1330, in _submit
    return self.save()
  File "/workspace/frappe-bench/apps/frappe/frappe/model/document.py", line 557, in save
    return self._save(*args, **kwargs)
  File "/workspace/frappe-bench/apps/frappe/frappe/model/document.py", line 612, in _save
    self.run_post_save_methods()
  File "/workspace/frappe-bench/apps/frappe/frappe/model/document.py", line 1457, in run_post_save_methods
    self.run_method("on_submit")
  File "/workspace/frappe-bench/apps/frappe/frappe/model/document.py", line 1260, in run_method
    out = Document.hook(fn)(self, *args, **kwargs)
  File "/workspace/frappe-bench/apps/frappe/frappe/model/document.py", line 1661, in composer
    return composed(self, method, *args, **kwargs)
  File "/workspace/frappe-bench/apps/frappe/frappe/model/document.py", line 1635, in runner
    add_to_return_value(self, fn(self, *args, **kwargs))
  File "/workspace/frappe-bench/apps/frappe/frappe/model/document.py", line 1257, in fn
    return method_object(*args, **kwargs)
  File "/workspace/frappe-bench/apps/erpnext/erpnext/accounts/doctype/sales_invoice/sales_invoice.py", line 510, in on_submit
    self.make_gl_entries()
  File "/workspace/frappe-bench/apps/erpnext/erpnext/accounts/doctype/sales_invoice/sales_invoice.py", line 1607, in make_gl_entries
    make_gl_entries(
  File "/workspace/frappe-bench/apps/erpnext/erpnext/accounts/general_ledger.py", line 53, in make_gl_entries
    create_payment_ledger_entry(
  File "/workspace/frappe-bench/apps/erpnext/erpnext/accounts/utils.py", line 2138, in create_payment_ledger_entry
    ple.submit()
  File "/workspace/frappe-bench/apps/frappe/frappe/utils/typing_validations.py", line 36, in wrapper
    return func(*args, **kwargs)
  File "/workspace/frappe-bench/apps/frappe/frappe/model/document.py", line 1349, in submit
    return self._submit()
  File "/workspace/frappe-bench/apps/frappe/frappe/model/document.py", line 1330, in _submit
    return self.save()
  File "/workspace/frappe-bench/apps/frappe/frappe/model/document.py", line 557, in save
    return self._save(*args, **kwargs)
  File "/workspace/frappe-bench/apps/frappe/frappe/model/document.py", line 579, in _save
    return self.insert()
  File "/workspace/frappe-bench/apps/frappe/frappe/model/document.py", line 513, in insert
    self.run_post_save_methods()
  File "/workspace/frappe-bench/apps/frappe/frappe/model/document.py", line 1456, in run_post_save_methods
    self.run_method("on_update")
  File "/workspace/frappe-bench/apps/frappe/frappe/model/document.py", line 1260, in run_method
    out = Document.hook(fn)(self, *args, **kwargs)
  File "/workspace/frappe-bench/apps/frappe/frappe/model/document.py", line 1661, in composer
    return composed(self, method, *args, **kwargs)
  File "/workspace/frappe-bench/apps/frappe/frappe/model/document.py", line 1635, in runner
    add_to_return_value(self, fn(self, *args, **kwargs))
  File "/workspace/frappe-bench/apps/frappe/frappe/model/document.py", line 1257, in fn
    return method_object(*args, **kwargs)
  File "/workspace/frappe-bench/apps/erpnext/erpnext/accounts/doctype/payment_ledger_entry/payment_ledger_entry.py", line 174, in on_update
    update_voucher_outstanding(
  File "/workspace/frappe-bench/apps/erpnext/erpnext/accounts/utils.py", line 2167, in update_voucher_outstanding
    voucher_outstanding = ple_query.get_voucher_outstandings(vouchers, common_filter=common_filter)
  File "/workspace/frappe-bench/apps/erpnext/erpnext/accounts/utils.py", line 2487, in get_voucher_outstandings
    self.query_for_outstanding()
  File "/workspace/frappe-bench/apps/erpnext/erpnext/accounts/utils.py", line 2450, in query_for_outstanding
    self.voucher_outstandings = self.cte_query_voucher_amount_and_outstanding.run(as_dict=True)
  File "/workspace/frappe-bench/apps/frappe/frappe/query_builder/utils.py", line 139, in execute_query
    result = frappe.local.db.sql(query, params, *args, **kwargs)  # nosemgrep
  File "/workspace/frappe-bench/apps/frappe/frappe/database/postgres/database.py", line 234, in sql
    return super().sql(modify_query(query), modify_values(values), *args, **kwargs)
  File "/workspace/frappe-bench/apps/frappe/frappe/database/database.py", line 294, in sql
    traceback.print_stack()
Error in query:
column "tabPayment Ledger Entry.account" must appear in the GROUP BY clause or be used in an aggregate function
LINE 1: WITH vouchers AS (SELECT "account","voucher_type","voucher_n...
                                 ^

  File "/workspace/frappe-bench/generate_all_module_transactions.py", line 407, in <module>
    pr.submit()
  File "/workspace/frappe-bench/apps/frappe/frappe/utils/typing_validations.py", line 36, in wrapper
    return func(*args, **kwargs)
  File "/workspace/frappe-bench/apps/frappe/frappe/model/document.py", line 1349, in submit
    return self._submit()
  File "/workspace/frappe-bench/apps/frappe/frappe/model/document.py", line 1330, in _submit
    return self.save()
  File "/workspace/frappe-bench/apps/frappe/frappe/model/document.py", line 557, in save
    return self._save(*args, **kwargs)
  File "/workspace/frappe-bench/apps/frappe/frappe/model/document.py", line 612, in _save
    self.run_post_save_methods()
  File "/workspace/frappe-bench/apps/frappe/frappe/model/document.py", line 1457, in run_post_save_methods
    self.run_method("on_submit")
  File "/workspace/frappe-bench/apps/frappe/frappe/model/document.py", line 1260, in run_method
    out = Document.hook(fn)(self, *args, **kwargs)
  File "/workspace/frappe-bench/apps/frappe/frappe/model/document.py", line 1661, in composer
    return composed(self, method, *args, **kwargs)
  File "/workspace/frappe-bench/apps/frappe/frappe/model/document.py", line 1635, in runner
    add_to_return_value(self, fn(self, *args, **kwargs))
  File "/workspace/frappe-bench/apps/frappe/frappe/model/document.py", line 1257, in fn
    return method_object(*args, **kwargs)
  File "/workspace/frappe-bench/apps/erpnext/erpnext/stock/doctype/purchase_receipt/purchase_receipt.py", line 396, in on_submit
    self.make_gl_entries()
  File "/workspace/frappe-bench/apps/erpnext/erpnext/controllers/stock_controller.py", line 349, in make_gl_entries
    make_gl_entries(gl_entries, from_repost=from_repost)
  File "/workspace/frappe-bench/apps/erpnext/erpnext/accounts/general_ledger.py", line 60, in make_gl_entries
    save_entries(gl_map, adv_adj, update_outstanding, from_repost)
  File "/workspace/frappe-bench/apps/erpnext/erpnext/accounts/general_ledger.py", line 419, in save_entries
    validate_against_pcv(is_opening, gl_map[0]["posting_date"], gl_map[0]["company"])
  File "/workspace/frappe-bench/apps/erpnext/erpnext/accounts/general_ledger.py", line 844, in validate_against_pcv
    last_pcv_date = frappe.db.get_value(
  File "/workspace/frappe-bench/apps/frappe/frappe/database/database.py", line 564, in get_value
    result = self.get_values(
  File "/workspace/frappe-bench/apps/frappe/frappe/database/database.py", line 680, in get_values
    out = query.run(as_dict=as_dict, debug=debug, update=update, run=run, pluck=pluck)
  File "/workspace/frappe-bench/apps/frappe/frappe/query_builder/utils.py", line 139, in execute_query
    result = frappe.local.db.sql(query, params, *args, **kwargs)  # nosemgrep
  File "/workspace/frappe-bench/apps/frappe/frappe/database/postgres/database.py", line 234, in sql
    return super().sql(modify_query(query), modify_values(values), *args, **kwargs)
  File "/workspace/frappe-bench/apps/frappe/frappe/database/database.py", line 294, in sql
    traceback.print_stack()
Error in query:
column "tabPeriod Closing Voucher.creation" must appear in the GROUP BY clause or be used in an aggregate function
LINE 1: ... '1' AND "company"='Ultra MRF Dau Annex' ORDER BY "creation"...
                                                             ^

  File "/workspace/frappe-bench/generate_all_module_transactions.py", line 307, in <module>
    sinv.submit()
  File "/workspace/frappe-bench/apps/frappe/frappe/utils/typing_validations.py", line 36, in wrapper
    return func(*args, **kwargs)
  File "/workspace/frappe-bench/apps/frappe/frappe/model/document.py", line 1349, in submit
    return self._submit()
  File "/workspace/frappe-bench/apps/frappe/frappe/model/document.py", line 1330, in _submit
    return self.save()
  File "/workspace/frappe-bench/apps/frappe/frappe/model/document.py", line 557, in save
    return self._save(*args, **kwargs)
  File "/workspace/frappe-bench/apps/frappe/frappe/model/document.py", line 612, in _save
    self.run_post_save_methods()
  File "/workspace/frappe-bench/apps/frappe/frappe/model/document.py", line 1457, in run_post_save_methods
    self.run_method("on_submit")
  File "/workspace/frappe-bench/apps/frappe/frappe/model/document.py", line 1260, in run_method
    out = Document.hook(fn)(self, *args, **kwargs)
  File "/workspace/frappe-bench/apps/frappe/frappe/model/document.py", line 1661, in composer
    return composed(self, method, *args, **kwargs)
  File "/workspace/frappe-bench/apps/frappe/frappe/model/document.py", line 1635, in runner
    add_to_return_value(self, fn(self, *args, **kwargs))
  File "/workspace/frappe-bench/apps/frappe/frappe/model/document.py", line 1257, in fn
    return method_object(*args, **kwargs)
  File "/workspace/frappe-bench/apps/erpnext/erpnext/accounts/doctype/sales_invoice/sales_invoice.py", line 510, in on_submit
    self.make_gl_entries()
  File "/workspace/frappe-bench/apps/erpnext/erpnext/accounts/doctype/sales_invoice/sales_invoice.py", line 1607, in make_gl_entries
    make_gl_entries(
  File "/workspace/frappe-bench/apps/erpnext/erpnext/accounts/general_ledger.py", line 53, in make_gl_entries
    create_payment_ledger_entry(
  File "/workspace/frappe-bench/apps/erpnext/erpnext/accounts/utils.py", line 2138, in create_payment_ledger_entry
    ple.submit()
  File "/workspace/frappe-bench/apps/frappe/frappe/utils/typing_validations.py", line 36, in wrapper
    return func(*args, **kwargs)
  File "/workspace/frappe-bench/apps/frappe/frappe/model/document.py", line 1349, in submit
    return self._submit()
  File "/workspace/frappe-bench/apps/frappe/frappe/model/document.py", line 1330, in _submit
    return self.save()
  File "/workspace/frappe-bench/apps/frappe/frappe/model/document.py", line 557, in save
    return self._save(*args, **kwargs)
  File "/workspace/frappe-bench/apps/frappe/frappe/model/document.py", line 579, in _save
    return self.insert()
  File "/workspace/frappe-bench/apps/frappe/frappe/model/document.py", line 513, in insert
    self.run_post_save_methods()
  File "/workspace/frappe-bench/apps/frappe/frappe/model/document.py", line 1456, in run_post_save_methods
    self.run_method("on_update")
  File "/workspace/frappe-bench/apps/frappe/frappe/model/document.py", line 1260, in run_method
    out = Document.hook(fn)(self, *args, **kwargs)
  File "/workspace/frappe-bench/apps/frappe/frappe/model/document.py", line 1661, in composer
    return composed(self, method, *args, **kwargs)
  File "/workspace/frappe-bench/apps/frappe/frappe/model/document.py", line 1635, in runner
    add_to_return_value(self, fn(self, *args, **kwargs))
  File "/workspace/frappe-bench/apps/frappe/frappe/model/document.py", line 1257, in fn
    return method_object(*args, **kwargs)
  File "/workspace/frappe-bench/apps/erpnext/erpnext/accounts/doctype/payment_ledger_entry/payment_ledger_entry.py", line 174, in on_update
    update_voucher_outstanding(
  File "/workspace/frappe-bench/apps/erpnext/erpnext/accounts/utils.py", line 2167, in update_voucher_outstanding
    voucher_outstanding = ple_query.get_voucher_outstandings(vouchers, common_filter=common_filter)
  File "/workspace/frappe-bench/apps/erpnext/erpnext/accounts/utils.py", line 2487, in get_voucher_outstandings
    self.query_for_outstanding()
  File "/workspace/frappe-bench/apps/erpnext/erpnext/accounts/utils.py", line 2450, in query_for_outstanding
    self.voucher_outstandings = self.cte_query_voucher_amount_and_outstanding.run(as_dict=True)
  File "/workspace/frappe-bench/apps/frappe/frappe/query_builder/utils.py", line 139, in execute_query
    result = frappe.local.db.sql(query, params, *args, **kwargs)  # nosemgrep
  File "/workspace/frappe-bench/apps/frappe/frappe/database/postgres/database.py", line 234, in sql
    return super().sql(modify_query(query), modify_values(values), *args, **kwargs)
  File "/workspace/frappe-bench/apps/frappe/frappe/database/database.py", line 294, in sql
    traceback.print_stack()
Error in query:
column "tabPayment Ledger Entry.account" must appear in the GROUP BY clause or be used in an aggregate function
LINE 1: WITH vouchers AS (SELECT "account","voucher_type","voucher_n...
                                 ^

  File "/workspace/frappe-bench/generate_all_module_transactions.py", line 407, in <module>
    pr.submit()
  File "/workspace/frappe-bench/apps/frappe/frappe/utils/typing_validations.py", line 36, in wrapper
    return func(*args, **kwargs)
  File "/workspace/frappe-bench/apps/frappe/frappe/model/document.py", line 1349, in submit
    return self._submit()
  File "/workspace/frappe-bench/apps/frappe/frappe/model/document.py", line 1330, in _submit
    return self.save()
  File "/workspace/frappe-bench/apps/frappe/frappe/model/document.py", line 557, in save
    return self._save(*args, **kwargs)
  File "/workspace/frappe-bench/apps/frappe/frappe/model/document.py", line 612, in _save
    self.run_post_save_methods()
  File "/workspace/frappe-bench/apps/frappe/frappe/model/document.py", line 1457, in run_post_save_methods
    self.run_method("on_submit")
  File "/workspace/frappe-bench/apps/frappe/frappe/model/document.py", line 1260, in run_method
    out = Document.hook(fn)(self, *args, **kwargs)
  File "/workspace/frappe-bench/apps/frappe/frappe/model/document.py", line 1661, in composer
    return composed(self, method, *args, **kwargs)
  File "/workspace/frappe-bench/apps/frappe/frappe/model/document.py", line 1635, in runner
    add_to_return_value(self, fn(self, *args, **kwargs))
  File "/workspace/frappe-bench/apps/frappe/frappe/model/document.py", line 1257, in fn
    return method_object(*args, **kwargs)
  File "/workspace/frappe-bench/apps/erpnext/erpnext/stock/doctype/purchase_receipt/purchase_receipt.py", line 396, in on_submit
    self.make_gl_entries()
  File "/workspace/frappe-bench/apps/erpnext/erpnext/controllers/stock_controller.py", line 349, in make_gl_entries
    make_gl_entries(gl_entries, from_repost=from_repost)
  File "/workspace/frappe-bench/apps/erpnext/erpnext/accounts/general_ledger.py", line 60, in make_gl_entries
    save_entries(gl_map, adv_adj, update_outstanding, from_repost)
  File "/workspace/frappe-bench/apps/erpnext/erpnext/accounts/general_ledger.py", line 419, in save_entries
    validate_against_pcv(is_opening, gl_map[0]["posting_date"], gl_map[0]["company"])
  File "/workspace/frappe-bench/apps/erpnext/erpnext/accounts/general_ledger.py", line 844, in validate_against_pcv
    last_pcv_date = frappe.db.get_value(
  File "/workspace/frappe-bench/apps/frappe/frappe/database/database.py", line 564, in get_value
    result = self.get_values(
  File "/workspace/frappe-bench/apps/frappe/frappe/database/database.py", line 680, in get_values
    out = query.run(as_dict=as_dict, debug=debug, update=update, run=run, pluck=pluck)
  File "/workspace/frappe-bench/apps/frappe/frappe/query_builder/utils.py", line 139, in execute_query
    result = frappe.local.db.sql(query, params, *args, **kwargs)  # nosemgrep
  File "/workspace/frappe-bench/apps/frappe/frappe/database/postgres/database.py", line 234, in sql
    return super().sql(modify_query(query), modify_values(values), *args, **kwargs)
  File "/workspace/frappe-bench/apps/frappe/frappe/database/database.py", line 294, in sql
    traceback.print_stack()
Error in query:
column "tabPeriod Closing Voucher.creation" must appear in the GROUP BY clause or be used in an aggregate function
LINE 1: ...' AND "company"='Ultra MRF San Fernando' ORDER BY "creation"...
                                                             ^

  File "/workspace/frappe-bench/generate_all_module_transactions.py", line 307, in <module>
    sinv.submit()
  File "/workspace/frappe-bench/apps/frappe/frappe/utils/typing_validations.py", line 36, in wrapper
    return func(*args, **kwargs)
  File "/workspace/frappe-bench/apps/frappe/frappe/model/document.py", line 1349, in submit
    return self._submit()
  File "/workspace/frappe-bench/apps/frappe/frappe/model/document.py", line 1330, in _submit
    return self.save()
  File "/workspace/frappe-bench/apps/frappe/frappe/model/document.py", line 557, in save
    return self._save(*args, **kwargs)
  File "/workspace/frappe-bench/apps/frappe/frappe/model/document.py", line 612, in _save
    self.run_post_save_methods()
  File "/workspace/frappe-bench/apps/frappe/frappe/model/document.py", line 1457, in run_post_save_methods
    self.run_method("on_submit")
  File "/workspace/frappe-bench/apps/frappe/frappe/model/document.py", line 1260, in run_method
    out = Document.hook(fn)(self, *args, **kwargs)
  File "/workspace/frappe-bench/apps/frappe/frappe/model/document.py", line 1661, in composer
    return composed(self, method, *args, **kwargs)
  File "/workspace/frappe-bench/apps/frappe/frappe/model/document.py", line 1635, in runner
    add_to_return_value(self, fn(self, *args, **kwargs))
  File "/workspace/frappe-bench/apps/frappe/frappe/model/document.py", line 1257, in fn
    return method_object(*args, **kwargs)
  File "/workspace/frappe-bench/apps/erpnext/erpnext/accounts/doctype/sales_invoice/sales_invoice.py", line 510, in on_submit
    self.make_gl_entries()
  File "/workspace/frappe-bench/apps/erpnext/erpnext/accounts/doctype/sales_invoice/sales_invoice.py", line 1607, in make_gl_entries
    make_gl_entries(
  File "/workspace/frappe-bench/apps/erpnext/erpnext/accounts/general_ledger.py", line 53, in make_gl_entries
    create_payment_ledger_entry(
  File "/workspace/frappe-bench/apps/erpnext/erpnext/accounts/utils.py", line 2138, in create_payment_ledger_entry
    ple.submit()
  File "/workspace/frappe-bench/apps/frappe/frappe/utils/typing_validations.py", line 36, in wrapper
    return func(*args, **kwargs)
  File "/workspace/frappe-bench/apps/frappe/frappe/model/document.py", line 1349, in submit
    return self._submit()
  File "/workspace/frappe-bench/apps/frappe/frappe/model/document.py", line 1330, in _submit
    return self.save()
  File "/workspace/frappe-bench/apps/frappe/frappe/model/document.py", line 557, in save
    return self._save(*args, **kwargs)
  File "/workspace/frappe-bench/apps/frappe/frappe/model/document.py", line 579, in _save
    return self.insert()
  File "/workspace/frappe-bench/apps/frappe/frappe/model/document.py", line 513, in insert
    self.run_post_save_methods()
  File "/workspace/frappe-bench/apps/frappe/frappe/model/document.py", line 1456, in run_post_save_methods
    self.run_method("on_update")
  File "/workspace/frappe-bench/apps/frappe/frappe/model/document.py", line 1260, in run_method
    out = Document.hook(fn)(self, *args, **kwargs)
  File "/workspace/frappe-bench/apps/frappe/frappe/model/document.py", line 1661, in composer
    return composed(self, method, *args, **kwargs)
  File "/workspace/frappe-bench/apps/frappe/frappe/model/document.py", line 1635, in runner
    add_to_return_value(self, fn(self, *args, **kwargs))
  File "/workspace/frappe-bench/apps/frappe/frappe/model/document.py", line 1257, in fn
    return method_object(*args, **kwargs)
  File "/workspace/frappe-bench/apps/erpnext/erpnext/accounts/doctype/payment_ledger_entry/payment_ledger_entry.py", line 174, in on_update
    update_voucher_outstanding(
  File "/workspace/frappe-bench/apps/erpnext/erpnext/accounts/utils.py", line 2167, in update_voucher_outstanding
    voucher_outstanding = ple_query.get_voucher_outstandings(vouchers, common_filter=common_filter)
  File "/workspace/frappe-bench/apps/erpnext/erpnext/accounts/utils.py", line 2487, in get_voucher_outstandings
    self.query_for_outstanding()
  File "/workspace/frappe-bench/apps/erpnext/erpnext/accounts/utils.py", line 2450, in query_for_outstanding
    self.voucher_outstandings = self.cte_query_voucher_amount_and_outstanding.run(as_dict=True)
  File "/workspace/frappe-bench/apps/frappe/frappe/query_builder/utils.py", line 139, in execute_query
    result = frappe.local.db.sql(query, params, *args, **kwargs)  # nosemgrep
  File "/workspace/frappe-bench/apps/frappe/frappe/database/postgres/database.py", line 234, in sql
    return super().sql(modify_query(query), modify_values(values), *args, **kwargs)
  File "/workspace/frappe-bench/apps/frappe/frappe/database/database.py", line 294, in sql
    traceback.print_stack()
Error in query:
column "tabPayment Ledger Entry.account" must appear in the GROUP BY clause or be used in an aggregate function
LINE 1: WITH vouchers AS (SELECT "account","voucher_type","voucher_n...
                                 ^

  File "/workspace/frappe-bench/generate_all_module_transactions.py", line 407, in <module>
    pr.submit()
  File "/workspace/frappe-bench/apps/frappe/frappe/utils/typing_validations.py", line 36, in wrapper
    return func(*args, **kwargs)
  File "/workspace/frappe-bench/apps/frappe/frappe/model/document.py", line 1349, in submit
    return self._submit()
  File "/workspace/frappe-bench/apps/frappe/frappe/model/document.py", line 1330, in _submit
    return self.save()
  File "/workspace/frappe-bench/apps/frappe/frappe/model/document.py", line 557, in save
    return self._save(*args, **kwargs)
  File "/workspace/frappe-bench/apps/frappe/frappe/model/document.py", line 612, in _save
    self.run_post_save_methods()
  File "/workspace/frappe-bench/apps/frappe/frappe/model/document.py", line 1457, in run_post_save_methods
    self.run_method("on_submit")
  File "/workspace/frappe-bench/apps/frappe/frappe/model/document.py", line 1260, in run_method
    out = Document.hook(fn)(self, *args, **kwargs)
  File "/workspace/frappe-bench/apps/frappe/frappe/model/document.py", line 1661, in composer
    return composed(self, method, *args, **kwargs)
  File "/workspace/frappe-bench/apps/frappe/frappe/model/document.py", line 1635, in runner
    add_to_return_value(self, fn(self, *args, **kwargs))
  File "/workspace/frappe-bench/apps/frappe/frappe/model/document.py", line 1257, in fn
    return method_object(*args, **kwargs)
  File "/workspace/frappe-bench/apps/erpnext/erpnext/stock/doctype/purchase_receipt/purchase_receipt.py", line 396, in on_submit
    self.make_gl_entries()
  File "/workspace/frappe-bench/apps/erpnext/erpnext/controllers/stock_controller.py", line 349, in make_gl_entries
    make_gl_entries(gl_entries, from_repost=from_repost)
  File "/workspace/frappe-bench/apps/erpnext/erpnext/accounts/general_ledger.py", line 60, in make_gl_entries
    save_entries(gl_map, adv_adj, update_outstanding, from_repost)
  File "/workspace/frappe-bench/apps/erpnext/erpnext/accounts/general_ledger.py", line 419, in save_entries
    validate_against_pcv(is_opening, gl_map[0]["posting_date"], gl_map[0]["company"])
  File "/workspace/frappe-bench/apps/erpnext/erpnext/accounts/general_ledger.py", line 844, in validate_against_pcv
    last_pcv_date = frappe.db.get_value(
  File "/workspace/frappe-bench/apps/frappe/frappe/database/database.py", line 564, in get_value
    result = self.get_values(
  File "/workspace/frappe-bench/apps/frappe/frappe/database/database.py", line 680, in get_values
    out = query.run(as_dict=as_dict, debug=debug, update=update, run=run, pluck=pluck)
  File "/workspace/frappe-bench/apps/frappe/frappe/query_builder/utils.py", line 139, in execute_query
    result = frappe.local.db.sql(query, params, *args, **kwargs)  # nosemgrep
  File "/workspace/frappe-bench/apps/frappe/frappe/database/postgres/database.py", line 234, in sql
    return super().sql(modify_query(query), modify_values(values), *args, **kwargs)
  File "/workspace/frappe-bench/apps/frappe/frappe/database/database.py", line 294, in sql
    traceback.print_stack()
Error in query:
column "tabPeriod Closing Voucher.creation" must appear in the GROUP BY clause or be used in an aggregate function
LINE 1: ...cstatus"= '1' AND "company"='Wheel Core' ORDER BY "creation"...
                                                             ^

  File "/workspace/frappe-bench/generate_all_module_transactions.py", line 307, in <module>
    sinv.submit()
  File "/workspace/frappe-bench/apps/frappe/frappe/utils/typing_validations.py", line 36, in wrapper
    return func(*args, **kwargs)
  File "/workspace/frappe-bench/apps/frappe/frappe/model/document.py", line 1349, in submit
    return self._submit()
  File "/workspace/frappe-bench/apps/frappe/frappe/model/document.py", line 1330, in _submit
    return self.save()
  File "/workspace/frappe-bench/apps/frappe/frappe/model/document.py", line 557, in save
    return self._save(*args, **kwargs)
  File "/workspace/frappe-bench/apps/frappe/frappe/model/document.py", line 612, in _save
    self.run_post_save_methods()
  File "/workspace/frappe-bench/apps/frappe/frappe/model/document.py", line 1457, in run_post_save_methods
    self.run_method("on_submit")
  File "/workspace/frappe-bench/apps/frappe/frappe/model/document.py", line 1260, in run_method
    out = Document.hook(fn)(self, *args, **kwargs)
  File "/workspace/frappe-bench/apps/frappe/frappe/model/document.py", line 1661, in composer
    return composed(self, method, *args, **kwargs)
  File "/workspace/frappe-bench/apps/frappe/frappe/model/document.py", line 1635, in runner
    add_to_return_value(self, fn(self, *args, **kwargs))
  File "/workspace/frappe-bench/apps/frappe/frappe/model/document.py", line 1257, in fn
    return method_object(*args, **kwargs)
  File "/workspace/frappe-bench/apps/erpnext/erpnext/accounts/doctype/sales_invoice/sales_invoice.py", line 510, in on_submit
    self.make_gl_entries()
  File "/workspace/frappe-bench/apps/erpnext/erpnext/accounts/doctype/sales_invoice/sales_invoice.py", line 1607, in make_gl_entries
    make_gl_entries(
  File "/workspace/frappe-bench/apps/erpnext/erpnext/accounts/general_ledger.py", line 53, in make_gl_entries
    create_payment_ledger_entry(
  File "/workspace/frappe-bench/apps/erpnext/erpnext/accounts/utils.py", line 2138, in create_payment_ledger_entry
    ple.submit()
  File "/workspace/frappe-bench/apps/frappe/frappe/utils/typing_validations.py", line 36, in wrapper
    return func(*args, **kwargs)
  File "/workspace/frappe-bench/apps/frappe/frappe/model/document.py", line 1349, in submit
    return self._submit()
  File "/workspace/frappe-bench/apps/frappe/frappe/model/document.py", line 1330, in _submit
    return self.save()
  File "/workspace/frappe-bench/apps/frappe/frappe/model/document.py", line 557, in save
    return self._save(*args, **kwargs)
  File "/workspace/frappe-bench/apps/frappe/frappe/model/document.py", line 579, in _save
    return self.insert()
  File "/workspace/frappe-bench/apps/frappe/frappe/model/document.py", line 513, in insert
    self.run_post_save_methods()
  File "/workspace/frappe-bench/apps/frappe/frappe/model/document.py", line 1456, in run_post_save_methods
    self.run_method("on_update")
  File "/workspace/frappe-bench/apps/frappe/frappe/model/document.py", line 1260, in run_method
    out = Document.hook(fn)(self, *args, **kwargs)
  File "/workspace/frappe-bench/apps/frappe/frappe/model/document.py", line 1661, in composer
    return composed(self, method, *args, **kwargs)
  File "/workspace/frappe-bench/apps/frappe/frappe/model/document.py", line 1635, in runner
    add_to_return_value(self, fn(self, *args, **kwargs))
  File "/workspace/frappe-bench/apps/frappe/frappe/model/document.py", line 1257, in fn
    return method_object(*args, **kwargs)
  File "/workspace/frappe-bench/apps/erpnext/erpnext/accounts/doctype/payment_ledger_entry/payment_ledger_entry.py", line 174, in on_update
    update_voucher_outstanding(
  File "/workspace/frappe-bench/apps/erpnext/erpnext/accounts/utils.py", line 2167, in update_voucher_outstanding
    voucher_outstanding = ple_query.get_voucher_outstandings(vouchers, common_filter=common_filter)
  File "/workspace/frappe-bench/apps/erpnext/erpnext/accounts/utils.py", line 2487, in get_voucher_outstandings
    self.query_for_outstanding()
  File "/workspace/frappe-bench/apps/erpnext/erpnext/accounts/utils.py", line 2450, in query_for_outstanding
    self.voucher_outstandings = self.cte_query_voucher_amount_and_outstanding.run(as_dict=True)
  File "/workspace/frappe-bench/apps/frappe/frappe/query_builder/utils.py", line 139, in execute_query
    result = frappe.local.db.sql(query, params, *args, **kwargs)  # nosemgrep
  File "/workspace/frappe-bench/apps/frappe/frappe/database/postgres/database.py", line 234, in sql
    return super().sql(modify_query(query), modify_values(values), *args, **kwargs)
  File "/workspace/frappe-bench/apps/frappe/frappe/database/database.py", line 294, in sql
    traceback.print_stack()
Error in query:
column "tabPayment Ledger Entry.account" must appear in the GROUP BY clause or be used in an aggregate function
LINE 1: WITH vouchers AS (SELECT "account","voucher_type","voucher_n...
                                 ^

  File "/workspace/frappe-bench/generate_all_module_transactions.py", line 407, in <module>
    pr.submit()
  File "/workspace/frappe-bench/apps/frappe/frappe/utils/typing_validations.py", line 36, in wrapper
    return func(*args, **kwargs)
  File "/workspace/frappe-bench/apps/frappe/frappe/model/document.py", line 1349, in submit
    return self._submit()
  File "/workspace/frappe-bench/apps/frappe/frappe/model/document.py", line 1330, in _submit
    return self.save()
  File "/workspace/frappe-bench/apps/frappe/frappe/model/document.py", line 557, in save
    return self._save(*args, **kwargs)
  File "/workspace/frappe-bench/apps/frappe/frappe/model/document.py", line 612, in _save
    self.run_post_save_methods()
  File "/workspace/frappe-bench/apps/frappe/frappe/model/document.py", line 1457, in run_post_save_methods
    self.run_method("on_submit")
  File "/workspace/frappe-bench/apps/frappe/frappe/model/document.py", line 1260, in run_method
    out = Document.hook(fn)(self, *args, **kwargs)
  File "/workspace/frappe-bench/apps/frappe/frappe/model/document.py", line 1661, in composer
    return composed(self, method, *args, **kwargs)
  File "/workspace/frappe-bench/apps/frappe/frappe/model/document.py", line 1635, in runner
    add_to_return_value(self, fn(self, *args, **kwargs))
  File "/workspace/frappe-bench/apps/frappe/frappe/model/document.py", line 1257, in fn
    return method_object(*args, **kwargs)
  File "/workspace/frappe-bench/apps/erpnext/erpnext/stock/doctype/purchase_receipt/purchase_receipt.py", line 396, in on_submit
    self.make_gl_entries()
  File "/workspace/frappe-bench/apps/erpnext/erpnext/controllers/stock_controller.py", line 349, in make_gl_entries
    make_gl_entries(gl_entries, from_repost=from_repost)
  File "/workspace/frappe-bench/apps/erpnext/erpnext/accounts/general_ledger.py", line 60, in make_gl_entries
    save_entries(gl_map, adv_adj, update_outstanding, from_repost)
  File "/workspace/frappe-bench/apps/erpnext/erpnext/accounts/general_ledger.py", line 419, in save_entries
    validate_against_pcv(is_opening, gl_map[0]["posting_date"], gl_map[0]["company"])
  File "/workspace/frappe-bench/apps/erpnext/erpnext/accounts/general_ledger.py", line 844, in validate_against_pcv
    last_pcv_date = frappe.db.get_value(
  File "/workspace/frappe-bench/apps/frappe/frappe/database/database.py", line 564, in get_value
    result = self.get_values(
  File "/workspace/frappe-bench/apps/frappe/frappe/database/database.py", line 680, in get_values
    out = query.run(as_dict=as_dict, debug=debug, update=update, run=run, pluck=pluck)
  File "/workspace/frappe-bench/apps/frappe/frappe/query_builder/utils.py", line 139, in execute_query
    result = frappe.local.db.sql(query, params, *args, **kwargs)  # nosemgrep
  File "/workspace/frappe-bench/apps/frappe/frappe/database/postgres/database.py", line 234, in sql
    return super().sql(modify_query(query), modify_values(values), *args, **kwargs)
  File "/workspace/frappe-bench/apps/frappe/frappe/database/database.py", line 294, in sql
    traceback.print_stack()
Error in query:
column "tabPeriod Closing Voucher.creation" must appear in the GROUP BY clause or be used in an aggregate function
LINE 1: ...' AND "company"='Ultra MRF Telebastagan' ORDER BY "creation"...
                                                             ^

  File "/workspace/frappe-bench/generate_all_module_transactions.py", line 307, in <module>
    sinv.submit()
  File "/workspace/frappe-bench/apps/frappe/frappe/utils/typing_validations.py", line 36, in wrapper
    return func(*args, **kwargs)
  File "/workspace/frappe-bench/apps/frappe/frappe/model/document.py", line 1349, in submit
    return self._submit()
  File "/workspace/frappe-bench/apps/frappe/frappe/model/document.py", line 1330, in _submit
    return self.save()
  File "/workspace/frappe-bench/apps/frappe/frappe/model/document.py", line 557, in save
    return self._save(*args, **kwargs)
  File "/workspace/frappe-bench/apps/frappe/frappe/model/document.py", line 612, in _save
    self.run_post_save_methods()
  File "/workspace/frappe-bench/apps/frappe/frappe/model/document.py", line 1457, in run_post_save_methods
    self.run_method("on_submit")
  File "/workspace/frappe-bench/apps/frappe/frappe/model/document.py", line 1260, in run_method
    out = Document.hook(fn)(self, *args, **kwargs)
  File "/workspace/frappe-bench/apps/frappe/frappe/model/document.py", line 1661, in composer
    return composed(self, method, *args, **kwargs)
  File "/workspace/frappe-bench/apps/frappe/frappe/model/document.py", line 1635, in runner
    add_to_return_value(self, fn(self, *args, **kwargs))
  File "/workspace/frappe-bench/apps/frappe/frappe/model/document.py", line 1257, in fn
    return method_object(*args, **kwargs)
  File "/workspace/frappe-bench/apps/erpnext/erpnext/accounts/doctype/sales_invoice/sales_invoice.py", line 510, in on_submit
    self.make_gl_entries()
  File "/workspace/frappe-bench/apps/erpnext/erpnext/accounts/doctype/sales_invoice/sales_invoice.py", line 1607, in make_gl_entries
    make_gl_entries(
  File "/workspace/frappe-bench/apps/erpnext/erpnext/accounts/general_ledger.py", line 53, in make_gl_entries
    create_payment_ledger_entry(
  File "/workspace/frappe-bench/apps/erpnext/erpnext/accounts/utils.py", line 2138, in create_payment_ledger_entry
    ple.submit()
  File "/workspace/frappe-bench/apps/frappe/frappe/utils/typing_validations.py", line 36, in wrapper
    return func(*args, **kwargs)
  File "/workspace/frappe-bench/apps/frappe/frappe/model/document.py", line 1349, in submit
    return self._submit()
  File "/workspace/frappe-bench/apps/frappe/frappe/model/document.py", line 1330, in _submit
    return self.save()
  File "/workspace/frappe-bench/apps/frappe/frappe/model/document.py", line 557, in save
    return self._save(*args, **kwargs)
  File "/workspace/frappe-bench/apps/frappe/frappe/model/document.py", line 579, in _save
    return self.insert()
  File "/workspace/frappe-bench/apps/frappe/frappe/model/document.py", line 513, in insert
    self.run_post_save_methods()
  File "/workspace/frappe-bench/apps/frappe/frappe/model/document.py", line 1456, in run_post_save_methods
    self.run_method("on_update")
  File "/workspace/frappe-bench/apps/frappe/frappe/model/document.py", line 1260, in run_method
    out = Document.hook(fn)(self, *args, **kwargs)
  File "/workspace/frappe-bench/apps/frappe/frappe/model/document.py", line 1661, in composer
    return composed(self, method, *args, **kwargs)
  File "/workspace/frappe-bench/apps/frappe/frappe/model/document.py", line 1635, in runner
    add_to_return_value(self, fn(self, *args, **kwargs))
  File "/workspace/frappe-bench/apps/frappe/frappe/model/document.py", line 1257, in fn
    return method_object(*args, **kwargs)
  File "/workspace/frappe-bench/apps/erpnext/erpnext/accounts/doctype/payment_ledger_entry/payment_ledger_entry.py", line 174, in on_update
    update_voucher_outstanding(
  File "/workspace/frappe-bench/apps/erpnext/erpnext/accounts/utils.py", line 2167, in update_voucher_outstanding
    voucher_outstanding = ple_query.get_voucher_outstandings(vouchers, common_filter=common_filter)
  File "/workspace/frappe-bench/apps/erpnext/erpnext/accounts/utils.py", line 2487, in get_voucher_outstandings
    self.query_for_outstanding()
  File "/workspace/frappe-bench/apps/erpnext/erpnext/accounts/utils.py", line 2450, in query_for_outstanding
    self.voucher_outstandings = self.cte_query_voucher_amount_and_outstanding.run(as_dict=True)
  File "/workspace/frappe-bench/apps/frappe/frappe/query_builder/utils.py", line 139, in execute_query
    result = frappe.local.db.sql(query, params, *args, **kwargs)  # nosemgrep
  File "/workspace/frappe-bench/apps/frappe/frappe/database/postgres/database.py", line 234, in sql
    return super().sql(modify_query(query), modify_values(values), *args, **kwargs)
  File "/workspace/frappe-bench/apps/frappe/frappe/database/database.py", line 294, in sql
    traceback.print_stack()
Error in query:
column "tabPayment Ledger Entry.account" must appear in the GROUP BY clause or be used in an aggregate function
LINE 1: WITH vouchers AS (SELECT "account","voucher_type","voucher_n...
                                 ^

  File "/workspace/frappe-bench/generate_all_module_transactions.py", line 407, in <module>
    pr.submit()
  File "/workspace/frappe-bench/apps/frappe/frappe/utils/typing_validations.py", line 36, in wrapper
    return func(*args, **kwargs)
  File "/workspace/frappe-bench/apps/frappe/frappe/model/document.py", line 1349, in submit
    return self._submit()
  File "/workspace/frappe-bench/apps/frappe/frappe/model/document.py", line 1330, in _submit
    return self.save()
  File "/workspace/frappe-bench/apps/frappe/frappe/model/document.py", line 557, in save
    return self._save(*args, **kwargs)
  File "/workspace/frappe-bench/apps/frappe/frappe/model/document.py", line 612, in _save
    self.run_post_save_methods()
  File "/workspace/frappe-bench/apps/frappe/frappe/model/document.py", line 1457, in run_post_save_methods
    self.run_method("on_submit")
  File "/workspace/frappe-bench/apps/frappe/frappe/model/document.py", line 1260, in run_method
    out = Document.hook(fn)(self, *args, **kwargs)
  File "/workspace/frappe-bench/apps/frappe/frappe/model/document.py", line 1661, in composer
    return composed(self, method, *args, **kwargs)
  File "/workspace/frappe-bench/apps/frappe/frappe/model/document.py", line 1635, in runner
    add_to_return_value(self, fn(self, *args, **kwargs))
  File "/workspace/frappe-bench/apps/frappe/frappe/model/document.py", line 1257, in fn
    return method_object(*args, **kwargs)
  File "/workspace/frappe-bench/apps/erpnext/erpnext/stock/doctype/purchase_receipt/purchase_receipt.py", line 396, in on_submit
    self.make_gl_entries()
  File "/workspace/frappe-bench/apps/erpnext/erpnext/controllers/stock_controller.py", line 349, in make_gl_entries
    make_gl_entries(gl_entries, from_repost=from_repost)
  File "/workspace/frappe-bench/apps/erpnext/erpnext/accounts/general_ledger.py", line 60, in make_gl_entries
    save_entries(gl_map, adv_adj, update_outstanding, from_repost)
  File "/workspace/frappe-bench/apps/erpnext/erpnext/accounts/general_ledger.py", line 419, in save_entries
    validate_against_pcv(is_opening, gl_map[0]["posting_date"], gl_map[0]["company"])
  File "/workspace/frappe-bench/apps/erpnext/erpnext/accounts/general_ledger.py", line 844, in validate_against_pcv
    last_pcv_date = frappe.db.get_value(
  File "/workspace/frappe-bench/apps/frappe/frappe/database/database.py", line 564, in get_value
    result = self.get_values(
  File "/workspace/frappe-bench/apps/frappe/frappe/database/database.py", line 680, in get_values
    out = query.run(as_dict=as_dict, debug=debug, update=update, run=run, pluck=pluck)
  File "/workspace/frappe-bench/apps/frappe/frappe/query_builder/utils.py", line 139, in execute_query
    result = frappe.local.db.sql(query, params, *args, **kwargs)  # nosemgrep
  File "/workspace/frappe-bench/apps/frappe/frappe/database/postgres/database.py", line 234, in sql
    return super().sql(modify_query(query), modify_values(values), *args, **kwargs)
  File "/workspace/frappe-bench/apps/frappe/frappe/database/database.py", line 294, in sql
    traceback.print_stack()
Error in query:
column "tabPeriod Closing Voucher.creation" must appear in the GROUP BY clause or be used in an aggregate function
LINE 1: ... AND "company"='Automan Car Care Center' ORDER BY "creation"...
                                                             ^

  File "/workspace/frappe-bench/generate_all_module_transactions.py", line 307, in <module>
    sinv.submit()
  File "/workspace/frappe-bench/apps/frappe/frappe/utils/typing_validations.py", line 36, in wrapper
    return func(*args, **kwargs)
  File "/workspace/frappe-bench/apps/frappe/frappe/model/document.py", line 1349, in submit
    return self._submit()
  File "/workspace/frappe-bench/apps/frappe/frappe/model/document.py", line 1330, in _submit
    return self.save()
  File "/workspace/frappe-bench/apps/frappe/frappe/model/document.py", line 557, in save
    return self._save(*args, **kwargs)
  File "/workspace/frappe-bench/apps/frappe/frappe/model/document.py", line 612, in _save
    self.run_post_save_methods()
  File "/workspace/frappe-bench/apps/frappe/frappe/model/document.py", line 1457, in run_post_save_methods
    self.run_method("on_submit")
  File "/workspace/frappe-bench/apps/frappe/frappe/model/document.py", line 1260, in run_method
    out = Document.hook(fn)(self, *args, **kwargs)
  File "/workspace/frappe-bench/apps/frappe/frappe/model/document.py", line 1661, in composer
    return composed(self, method, *args, **kwargs)
  File "/workspace/frappe-bench/apps/frappe/frappe/model/document.py", line 1635, in runner
    add_to_return_value(self, fn(self, *args, **kwargs))
  File "/workspace/frappe-bench/apps/frappe/frappe/model/document.py", line 1257, in fn
    return method_object(*args, **kwargs)
  File "/workspace/frappe-bench/apps/erpnext/erpnext/accounts/doctype/sales_invoice/sales_invoice.py", line 510, in on_submit
    self.make_gl_entries()
  File "/workspace/frappe-bench/apps/erpnext/erpnext/accounts/doctype/sales_invoice/sales_invoice.py", line 1607, in make_gl_entries
    make_gl_entries(
  File "/workspace/frappe-bench/apps/erpnext/erpnext/accounts/general_ledger.py", line 53, in make_gl_entries
    create_payment_ledger_entry(
  File "/workspace/frappe-bench/apps/erpnext/erpnext/accounts/utils.py", line 2138, in create_payment_ledger_entry
    ple.submit()
  File "/workspace/frappe-bench/apps/frappe/frappe/utils/typing_validations.py", line 36, in wrapper
    return func(*args, **kwargs)
  File "/workspace/frappe-bench/apps/frappe/frappe/model/document.py", line 1349, in submit
    return self._submit()
  File "/workspace/frappe-bench/apps/frappe/frappe/model/document.py", line 1330, in _submit
    return self.save()
  File "/workspace/frappe-bench/apps/frappe/frappe/model/document.py", line 557, in save
    return self._save(*args, **kwargs)
  File "/workspace/frappe-bench/apps/frappe/frappe/model/document.py", line 579, in _save
    return self.insert()
  File "/workspace/frappe-bench/apps/frappe/frappe/model/document.py", line 513, in insert
    self.run_post_save_methods()
  File "/workspace/frappe-bench/apps/frappe/frappe/model/document.py", line 1456, in run_post_save_methods
    self.run_method("on_update")
  File "/workspace/frappe-bench/apps/frappe/frappe/model/document.py", line 1260, in run_method
    out = Document.hook(fn)(self, *args, **kwargs)
  File "/workspace/frappe-bench/apps/frappe/frappe/model/document.py", line 1661, in composer
    return composed(self, method, *args, **kwargs)
  File "/workspace/frappe-bench/apps/frappe/frappe/model/document.py", line 1635, in runner
    add_to_return_value(self, fn(self, *args, **kwargs))
  File "/workspace/frappe-bench/apps/frappe/frappe/model/document.py", line 1257, in fn
    return method_object(*args, **kwargs)
  File "/workspace/frappe-bench/apps/erpnext/erpnext/accounts/doctype/payment_ledger_entry/payment_ledger_entry.py", line 174, in on_update
    update_voucher_outstanding(
  File "/workspace/frappe-bench/apps/erpnext/erpnext/accounts/utils.py", line 2167, in update_voucher_outstanding
    voucher_outstanding = ple_query.get_voucher_outstandings(vouchers, common_filter=common_filter)
  File "/workspace/frappe-bench/apps/erpnext/erpnext/accounts/utils.py", line 2487, in get_voucher_outstandings
    self.query_for_outstanding()
  File "/workspace/frappe-bench/apps/erpnext/erpnext/accounts/utils.py", line 2450, in query_for_outstanding
    self.voucher_outstandings = self.cte_query_voucher_amount_and_outstanding.run(as_dict=True)
  File "/workspace/frappe-bench/apps/frappe/frappe/query_builder/utils.py", line 139, in execute_query
    result = frappe.local.db.sql(query, params, *args, **kwargs)  # nosemgrep
  File "/workspace/frappe-bench/apps/frappe/frappe/database/postgres/database.py", line 234, in sql
    return super().sql(modify_query(query), modify_values(values), *args, **kwargs)
  File "/workspace/frappe-bench/apps/frappe/frappe/database/database.py", line 294, in sql
    traceback.print_stack()
Error in query:
column "tabPayment Ledger Entry.account" must appear in the GROUP BY clause or be used in an aggregate function
LINE 1: WITH vouchers AS (SELECT "account","voucher_type","voucher_n...
                                 ^

  File "/workspace/frappe-bench/generate_all_module_transactions.py", line 407, in <module>
    pr.submit()
  File "/workspace/frappe-bench/apps/frappe/frappe/utils/typing_validations.py", line 36, in wrapper
    return func(*args, **kwargs)
  File "/workspace/frappe-bench/apps/frappe/frappe/model/document.py", line 1349, in submit
    return self._submit()
  File "/workspace/frappe-bench/apps/frappe/frappe/model/document.py", line 1330, in _submit
    return self.save()
  File "/workspace/frappe-bench/apps/frappe/frappe/model/document.py", line 557, in save
    return self._save(*args, **kwargs)
  File "/workspace/frappe-bench/apps/frappe/frappe/model/document.py", line 612, in _save
    self.run_post_save_methods()
  File "/workspace/frappe-bench/apps/frappe/frappe/model/document.py", line 1457, in run_post_save_methods
    self.run_method("on_submit")
  File "/workspace/frappe-bench/apps/frappe/frappe/model/document.py", line 1260, in run_method
    out = Document.hook(fn)(self, *args, **kwargs)
  File "/workspace/frappe-bench/apps/frappe/frappe/model/document.py", line 1661, in composer
    return composed(self, method, *args, **kwargs)
  File "/workspace/frappe-bench/apps/frappe/frappe/model/document.py", line 1635, in runner
    add_to_return_value(self, fn(self, *args, **kwargs))
  File "/workspace/frappe-bench/apps/frappe/frappe/model/document.py", line 1257, in fn
    return method_object(*args, **kwargs)
  File "/workspace/frappe-bench/apps/erpnext/erpnext/stock/doctype/purchase_receipt/purchase_receipt.py", line 396, in on_submit
    self.make_gl_entries()
  File "/workspace/frappe-bench/apps/erpnext/erpnext/controllers/stock_controller.py", line 349, in make_gl_entries
    make_gl_entries(gl_entries, from_repost=from_repost)
  File "/workspace/frappe-bench/apps/erpnext/erpnext/accounts/general_ledger.py", line 60, in make_gl_entries
    save_entries(gl_map, adv_adj, update_outstanding, from_repost)
  File "/workspace/frappe-bench/apps/erpnext/erpnext/accounts/general_ledger.py", line 419, in save_entries
    validate_against_pcv(is_opening, gl_map[0]["posting_date"], gl_map[0]["company"])
  File "/workspace/frappe-bench/apps/erpnext/erpnext/accounts/general_ledger.py", line 844, in validate_against_pcv
    last_pcv_date = frappe.db.get_value(
  File "/workspace/frappe-bench/apps/frappe/frappe/database/database.py", line 564, in get_value
    result = self.get_values(
  File "/workspace/frappe-bench/apps/frappe/frappe/database/database.py", line 680, in get_values
    out = query.run(as_dict=as_dict, debug=debug, update=update, run=run, pluck=pluck)
  File "/workspace/frappe-bench/apps/frappe/frappe/query_builder/utils.py", line 139, in execute_query
    result = frappe.local.db.sql(query, params, *args, **kwargs)  # nosemgrep
  File "/workspace/frappe-bench/apps/frappe/frappe/database/postgres/database.py", line 234, in sql
    return super().sql(modify_query(query), modify_values(values), *args, **kwargs)
  File "/workspace/frappe-bench/apps/frappe/frappe/database/database.py", line 294, in sql
    traceback.print_stack()
Error in query:
column "tabPeriod Closing Voucher.creation" must appear in the GROUP BY clause or be used in an aggregate function
LINE 1: ...tatus"= '1' AND "company"='The Wheelhub' ORDER BY "creation"...
                                                             ^

  File "/workspace/frappe-bench/generate_all_module_transactions.py", line 307, in <module>
    sinv.submit()
  File "/workspace/frappe-bench/apps/frappe/frappe/utils/typing_validations.py", line 36, in wrapper
    return func(*args, **kwargs)
  File "/workspace/frappe-bench/apps/frappe/frappe/model/document.py", line 1349, in submit
    return self._submit()
  File "/workspace/frappe-bench/apps/frappe/frappe/model/document.py", line 1330, in _submit
    return self.save()
  File "/workspace/frappe-bench/apps/frappe/frappe/model/document.py", line 557, in save
    return self._save(*args, **kwargs)
  File "/workspace/frappe-bench/apps/frappe/frappe/model/document.py", line 612, in _save
    self.run_post_save_methods()
  File "/workspace/frappe-bench/apps/frappe/frappe/model/document.py", line 1457, in run_post_save_methods
    self.run_method("on_submit")
  File "/workspace/frappe-bench/apps/frappe/frappe/model/document.py", line 1260, in run_method
    out = Document.hook(fn)(self, *args, **kwargs)
  File "/workspace/frappe-bench/apps/frappe/frappe/model/document.py", line 1661, in composer
    return composed(self, method, *args, **kwargs)
  File "/workspace/frappe-bench/apps/frappe/frappe/model/document.py", line 1635, in runner
    add_to_return_value(self, fn(self, *args, **kwargs))
  File "/workspace/frappe-bench/apps/frappe/frappe/model/document.py", line 1257, in fn
    return method_object(*args, **kwargs)
  File "/workspace/frappe-bench/apps/erpnext/erpnext/accounts/doctype/sales_invoice/sales_invoice.py", line 510, in on_submit
    self.make_gl_entries()
  File "/workspace/frappe-bench/apps/erpnext/erpnext/accounts/doctype/sales_invoice/sales_invoice.py", line 1607, in make_gl_entries
    make_gl_entries(
  File "/workspace/frappe-bench/apps/erpnext/erpnext/accounts/general_ledger.py", line 53, in make_gl_entries
    create_payment_ledger_entry(
  File "/workspace/frappe-bench/apps/erpnext/erpnext/accounts/utils.py", line 2138, in create_payment_ledger_entry
    ple.submit()
  File "/workspace/frappe-bench/apps/frappe/frappe/utils/typing_validations.py", line 36, in wrapper
    return func(*args, **kwargs)
  File "/workspace/frappe-bench/apps/frappe/frappe/model/document.py", line 1349, in submit
    return self._submit()
  File "/workspace/frappe-bench/apps/frappe/frappe/model/document.py", line 1330, in _submit
    return self.save()
  File "/workspace/frappe-bench/apps/frappe/frappe/model/document.py", line 557, in save
    return self._save(*args, **kwargs)
  File "/workspace/frappe-bench/apps/frappe/frappe/model/document.py", line 579, in _save
    return self.insert()
  File "/workspace/frappe-bench/apps/frappe/frappe/model/document.py", line 513, in insert
    self.run_post_save_methods()
  File "/workspace/frappe-bench/apps/frappe/frappe/model/document.py", line 1456, in run_post_save_methods
    self.run_method("on_update")
  File "/workspace/frappe-bench/apps/frappe/frappe/model/document.py", line 1260, in run_method
    out = Document.hook(fn)(self, *args, **kwargs)
  File "/workspace/frappe-bench/apps/frappe/frappe/model/document.py", line 1661, in composer
    return composed(self, method, *args, **kwargs)
  File "/workspace/frappe-bench/apps/frappe/frappe/model/document.py", line 1635, in runner
    add_to_return_value(self, fn(self, *args, **kwargs))
  File "/workspace/frappe-bench/apps/frappe/frappe/model/document.py", line 1257, in fn
    return method_object(*args, **kwargs)
  File "/workspace/frappe-bench/apps/erpnext/erpnext/accounts/doctype/payment_ledger_entry/payment_ledger_entry.py", line 174, in on_update
    update_voucher_outstanding(
  File "/workspace/frappe-bench/apps/erpnext/erpnext/accounts/utils.py", line 2167, in update_voucher_outstanding
    voucher_outstanding = ple_query.get_voucher_outstandings(vouchers, common_filter=common_filter)
  File "/workspace/frappe-bench/apps/erpnext/erpnext/accounts/utils.py", line 2487, in get_voucher_outstandings
    self.query_for_outstanding()
  File "/workspace/frappe-bench/apps/erpnext/erpnext/accounts/utils.py", line 2450, in query_for_outstanding
    self.voucher_outstandings = self.cte_query_voucher_amount_and_outstanding.run(as_dict=True)
  File "/workspace/frappe-bench/apps/frappe/frappe/query_builder/utils.py", line 139, in execute_query
    result = frappe.local.db.sql(query, params, *args, **kwargs)  # nosemgrep
  File "/workspace/frappe-bench/apps/frappe/frappe/database/postgres/database.py", line 234, in sql
    return super().sql(modify_query(query), modify_values(values), *args, **kwargs)
  File "/workspace/frappe-bench/apps/frappe/frappe/database/database.py", line 294, in sql
    traceback.print_stack()
Error in query:
column "tabPayment Ledger Entry.account" must appear in the GROUP BY clause or be used in an aggregate function
LINE 1: WITH vouchers AS (SELECT "account","voucher_type","voucher_n...
                                 ^

  File "/workspace/frappe-bench/generate_all_module_transactions.py", line 407, in <module>
    pr.submit()
  File "/workspace/frappe-bench/apps/frappe/frappe/utils/typing_validations.py", line 36, in wrapper
    return func(*args, **kwargs)
  File "/workspace/frappe-bench/apps/frappe/frappe/model/document.py", line 1349, in submit
    return self._submit()
  File "/workspace/frappe-bench/apps/frappe/frappe/model/document.py", line 1330, in _submit
    return self.save()
  File "/workspace/frappe-bench/apps/frappe/frappe/model/document.py", line 557, in save
    return self._save(*args, **kwargs)
  File "/workspace/frappe-bench/apps/frappe/frappe/model/document.py", line 612, in _save
    self.run_post_save_methods()
  File "/workspace/frappe-bench/apps/frappe/frappe/model/document.py", line 1457, in run_post_save_methods
    self.run_method("on_submit")
  File "/workspace/frappe-bench/apps/frappe/frappe/model/document.py", line 1260, in run_method
    out = Document.hook(fn)(self, *args, **kwargs)
  File "/workspace/frappe-bench/apps/frappe/frappe/model/document.py", line 1661, in composer
    return composed(self, method, *args, **kwargs)
  File "/workspace/frappe-bench/apps/frappe/frappe/model/document.py", line 1635, in runner
    add_to_return_value(self, fn(self, *args, **kwargs))
  File "/workspace/frappe-bench/apps/frappe/frappe/model/document.py", line 1257, in fn
    return method_object(*args, **kwargs)
  File "/workspace/frappe-bench/apps/erpnext/erpnext/stock/doctype/purchase_receipt/purchase_receipt.py", line 396, in on_submit
    self.make_gl_entries()
  File "/workspace/frappe-bench/apps/erpnext/erpnext/controllers/stock_controller.py", line 349, in make_gl_entries
    make_gl_entries(gl_entries, from_repost=from_repost)
  File "/workspace/frappe-bench/apps/erpnext/erpnext/accounts/general_ledger.py", line 60, in make_gl_entries
    save_entries(gl_map, adv_adj, update_outstanding, from_repost)
  File "/workspace/frappe-bench/apps/erpnext/erpnext/accounts/general_ledger.py", line 419, in save_entries
    validate_against_pcv(is_opening, gl_map[0]["posting_date"], gl_map[0]["company"])
  File "/workspace/frappe-bench/apps/erpnext/erpnext/accounts/general_ledger.py", line 844, in validate_against_pcv
    last_pcv_date = frappe.db.get_value(
  File "/workspace/frappe-bench/apps/frappe/frappe/database/database.py", line 564, in get_value
    result = self.get_values(
  File "/workspace/frappe-bench/apps/frappe/frappe/database/database.py", line 680, in get_values
    out = query.run(as_dict=as_dict, debug=debug, update=update, run=run, pluck=pluck)
  File "/workspace/frappe-bench/apps/frappe/frappe/query_builder/utils.py", line 139, in execute_query
    result = frappe.local.db.sql(query, params, *args, **kwargs)  # nosemgrep
  File "/workspace/frappe-bench/apps/frappe/frappe/database/postgres/database.py", line 234, in sql
    return super().sql(modify_query(query), modify_values(values), *args, **kwargs)
  File "/workspace/frappe-bench/apps/frappe/frappe/database/database.py", line 294, in sql
    traceback.print_stack()
Error in query:
column "tabPeriod Closing Voucher.creation" must appear in the GROUP BY clause or be used in an aggregate function
LINE 1: ...ocstatus"= '1' AND "company"='ULTRA MRF' ORDER BY "creation"...
                                                             ^

  File "/workspace/frappe-bench/generate_all_module_transactions.py", line 307, in <module>
    sinv.submit()
  File "/workspace/frappe-bench/apps/frappe/frappe/utils/typing_validations.py", line 36, in wrapper
    return func(*args, **kwargs)
  File "/workspace/frappe-bench/apps/frappe/frappe/model/document.py", line 1349, in submit
    return self._submit()
  File "/workspace/frappe-bench/apps/frappe/frappe/model/document.py", line 1330, in _submit
    return self.save()
  File "/workspace/frappe-bench/apps/frappe/frappe/model/document.py", line 557, in save
    return self._save(*args, **kwargs)
  File "/workspace/frappe-bench/apps/frappe/frappe/model/document.py", line 612, in _save
    self.run_post_save_methods()
  File "/workspace/frappe-bench/apps/frappe/frappe/model/document.py", line 1457, in run_post_save_methods
    self.run_method("on_submit")
  File "/workspace/frappe-bench/apps/frappe/frappe/model/document.py", line 1260, in run_method
    out = Document.hook(fn)(self, *args, **kwargs)
  File "/workspace/frappe-bench/apps/frappe/frappe/model/document.py", line 1661, in composer
    return composed(self, method, *args, **kwargs)
  File "/workspace/frappe-bench/apps/frappe/frappe/model/document.py", line 1635, in runner
    add_to_return_value(self, fn(self, *args, **kwargs))
  File "/workspace/frappe-bench/apps/frappe/frappe/model/document.py", line 1257, in fn
    return method_object(*args, **kwargs)
  File "/workspace/frappe-bench/apps/erpnext/erpnext/accounts/doctype/sales_invoice/sales_invoice.py", line 510, in on_submit
    self.make_gl_entries()
  File "/workspace/frappe-bench/apps/erpnext/erpnext/accounts/doctype/sales_invoice/sales_invoice.py", line 1607, in make_gl_entries
    make_gl_entries(
  File "/workspace/frappe-bench/apps/erpnext/erpnext/accounts/general_ledger.py", line 53, in make_gl_entries
    create_payment_ledger_entry(
  File "/workspace/frappe-bench/apps/erpnext/erpnext/accounts/utils.py", line 2138, in create_payment_ledger_entry
    ple.submit()
  File "/workspace/frappe-bench/apps/frappe/frappe/utils/typing_validations.py", line 36, in wrapper
    return func(*args, **kwargs)
  File "/workspace/frappe-bench/apps/frappe/frappe/model/document.py", line 1349, in submit
    return self._submit()
  File "/workspace/frappe-bench/apps/frappe/frappe/model/document.py", line 1330, in _submit
    return self.save()
  File "/workspace/frappe-bench/apps/frappe/frappe/model/document.py", line 557, in save
    return self._save(*args, **kwargs)
  File "/workspace/frappe-bench/apps/frappe/frappe/model/document.py", line 579, in _save
    return self.insert()
  File "/workspace/frappe-bench/apps/frappe/frappe/model/document.py", line 513, in insert
    self.run_post_save_methods()
  File "/workspace/frappe-bench/apps/frappe/frappe/model/document.py", line 1456, in run_post_save_methods
    self.run_method("on_update")
  File "/workspace/frappe-bench/apps/frappe/frappe/model/document.py", line 1260, in run_method
    out = Document.hook(fn)(self, *args, **kwargs)
  File "/workspace/frappe-bench/apps/frappe/frappe/model/document.py", line 1661, in composer
    return composed(self, method, *args, **kwargs)
  File "/workspace/frappe-bench/apps/frappe/frappe/model/document.py", line 1635, in runner
    add_to_return_value(self, fn(self, *args, **kwargs))
  File "/workspace/frappe-bench/apps/frappe/frappe/model/document.py", line 1257, in fn
    return method_object(*args, **kwargs)
  File "/workspace/frappe-bench/apps/erpnext/erpnext/accounts/doctype/payment_ledger_entry/payment_ledger_entry.py", line 174, in on_update
    update_voucher_outstanding(
  File "/workspace/frappe-bench/apps/erpnext/erpnext/accounts/utils.py", line 2167, in update_voucher_outstanding
    voucher_outstanding = ple_query.get_voucher_outstandings(vouchers, common_filter=common_filter)
  File "/workspace/frappe-bench/apps/erpnext/erpnext/accounts/utils.py", line 2487, in get_voucher_outstandings
    self.query_for_outstanding()
  File "/workspace/frappe-bench/apps/erpnext/erpnext/accounts/utils.py", line 2450, in query_for_outstanding
    self.voucher_outstandings = self.cte_query_voucher_amount_and_outstanding.run(as_dict=True)
  File "/workspace/frappe-bench/apps/frappe/frappe/query_builder/utils.py", line 139, in execute_query
    result = frappe.local.db.sql(query, params, *args, **kwargs)  # nosemgrep
  File "/workspace/frappe-bench/apps/frappe/frappe/database/postgres/database.py", line 234, in sql
    return super().sql(modify_query(query), modify_values(values), *args, **kwargs)
  File "/workspace/frappe-bench/apps/frappe/frappe/database/database.py", line 294, in sql
    traceback.print_stack()
Error in query:
column "tabPayment Ledger Entry.account" must appear in the GROUP BY clause or be used in an aggregate function
LINE 1: WITH vouchers AS (SELECT "account","voucher_type","voucher_n...
                                 ^

  File "/workspace/frappe-bench/generate_all_module_transactions.py", line 407, in <module>
    pr.submit()
  File "/workspace/frappe-bench/apps/frappe/frappe/utils/typing_validations.py", line 36, in wrapper
    return func(*args, **kwargs)
  File "/workspace/frappe-bench/apps/frappe/frappe/model/document.py", line 1349, in submit
    return self._submit()
  File "/workspace/frappe-bench/apps/frappe/frappe/model/document.py", line 1330, in _submit
    return self.save()
  File "/workspace/frappe-bench/apps/frappe/frappe/model/document.py", line 557, in save
    return self._save(*args, **kwargs)
  File "/workspace/frappe-bench/apps/frappe/frappe/model/document.py", line 612, in _save
    self.run_post_save_methods()
  File "/workspace/frappe-bench/apps/frappe/frappe/model/document.py", line 1457, in run_post_save_methods
    self.run_method("on_submit")
  File "/workspace/frappe-bench/apps/frappe/frappe/model/document.py", line 1260, in run_method
    out = Document.hook(fn)(self, *args, **kwargs)
  File "/workspace/frappe-bench/apps/frappe/frappe/model/document.py", line 1661, in composer
    return composed(self, method, *args, **kwargs)
  File "/workspace/frappe-bench/apps/frappe/frappe/model/document.py", line 1635, in runner
    add_to_return_value(self, fn(self, *args, **kwargs))
  File "/workspace/frappe-bench/apps/frappe/frappe/model/document.py", line 1257, in fn
    return method_object(*args, **kwargs)
  File "/workspace/frappe-bench/apps/erpnext/erpnext/stock/doctype/purchase_receipt/purchase_receipt.py", line 396, in on_submit
    self.make_gl_entries()
  File "/workspace/frappe-bench/apps/erpnext/erpnext/controllers/stock_controller.py", line 349, in make_gl_entries
    make_gl_entries(gl_entries, from_repost=from_repost)
  File "/workspace/frappe-bench/apps/erpnext/erpnext/accounts/general_ledger.py", line 60, in make_gl_entries
    save_entries(gl_map, adv_adj, update_outstanding, from_repost)
  File "/workspace/frappe-bench/apps/erpnext/erpnext/accounts/general_ledger.py", line 419, in save_entries
    validate_against_pcv(is_opening, gl_map[0]["posting_date"], gl_map[0]["company"])
  File "/workspace/frappe-bench/apps/erpnext/erpnext/accounts/general_ledger.py", line 844, in validate_against_pcv
    last_pcv_date = frappe.db.get_value(
  File "/workspace/frappe-bench/apps/frappe/frappe/database/database.py", line 564, in get_value
    result = self.get_values(
  File "/workspace/frappe-bench/apps/frappe/frappe/database/database.py", line 680, in get_values
    out = query.run(as_dict=as_dict, debug=debug, update=update, run=run, pluck=pluck)
  File "/workspace/frappe-bench/apps/frappe/frappe/query_builder/utils.py", line 139, in execute_query
    result = frappe.local.db.sql(query, params, *args, **kwargs)  # nosemgrep
  File "/workspace/frappe-bench/apps/frappe/frappe/database/postgres/database.py", line 234, in sql
    return super().sql(modify_query(query), modify_values(values), *args, **kwargs)
  File "/workspace/frappe-bench/apps/frappe/frappe/database/database.py", line 294, in sql
    traceback.print_stack()
Error in query:
column "tabPeriod Closing Voucher.creation" must appear in the GROUP BY clause or be used in an aggregate function
LINE 1: ... AND "company"='Ultra MRF Warehouse Dau' ORDER BY "creation"...
                                                             ^

  File "/workspace/frappe-bench/generate_all_module_transactions.py", line 307, in <module>
    sinv.submit()
  File "/workspace/frappe-bench/apps/frappe/frappe/utils/typing_validations.py", line 36, in wrapper
    return func(*args, **kwargs)
  File "/workspace/frappe-bench/apps/frappe/frappe/model/document.py", line 1349, in submit
    return self._submit()
  File "/workspace/frappe-bench/apps/frappe/frappe/model/document.py", line 1330, in _submit
    return self.save()
  File "/workspace/frappe-bench/apps/frappe/frappe/model/document.py", line 557, in save
    return self._save(*args, **kwargs)
  File "/workspace/frappe-bench/apps/frappe/frappe/model/document.py", line 612, in _save
    self.run_post_save_methods()
  File "/workspace/frappe-bench/apps/frappe/frappe/model/document.py", line 1457, in run_post_save_methods
    self.run_method("on_submit")
  File "/workspace/frappe-bench/apps/frappe/frappe/model/document.py", line 1260, in run_method
    out = Document.hook(fn)(self, *args, **kwargs)
  File "/workspace/frappe-bench/apps/frappe/frappe/model/document.py", line 1661, in composer
    return composed(self, method, *args, **kwargs)
  File "/workspace/frappe-bench/apps/frappe/frappe/model/document.py", line 1635, in runner
    add_to_return_value(self, fn(self, *args, **kwargs))
  File "/workspace/frappe-bench/apps/frappe/frappe/model/document.py", line 1257, in fn
    return method_object(*args, **kwargs)
  File "/workspace/frappe-bench/apps/erpnext/erpnext/accounts/doctype/sales_invoice/sales_invoice.py", line 510, in on_submit
    self.make_gl_entries()
  File "/workspace/frappe-bench/apps/erpnext/erpnext/accounts/doctype/sales_invoice/sales_invoice.py", line 1607, in make_gl_entries
    make_gl_entries(
  File "/workspace/frappe-bench/apps/erpnext/erpnext/accounts/general_ledger.py", line 53, in make_gl_entries
    create_payment_ledger_entry(
  File "/workspace/frappe-bench/apps/erpnext/erpnext/accounts/utils.py", line 2138, in create_payment_ledger_entry
    ple.submit()
  File "/workspace/frappe-bench/apps/frappe/frappe/utils/typing_validations.py", line 36, in wrapper
    return func(*args, **kwargs)
  File "/workspace/frappe-bench/apps/frappe/frappe/model/document.py", line 1349, in submit
    return self._submit()
  File "/workspace/frappe-bench/apps/frappe/frappe/model/document.py", line 1330, in _submit
    return self.save()
  File "/workspace/frappe-bench/apps/frappe/frappe/model/document.py", line 557, in save
    return self._save(*args, **kwargs)
  File "/workspace/frappe-bench/apps/frappe/frappe/model/document.py", line 579, in _save
    return self.insert()
  File "/workspace/frappe-bench/apps/frappe/frappe/model/document.py", line 513, in insert
    self.run_post_save_methods()
  File "/workspace/frappe-bench/apps/frappe/frappe/model/document.py", line 1456, in run_post_save_methods
    self.run_method("on_update")
  File "/workspace/frappe-bench/apps/frappe/frappe/model/document.py", line 1260, in run_method
    out = Document.hook(fn)(self, *args, **kwargs)
  File "/workspace/frappe-bench/apps/frappe/frappe/model/document.py", line 1661, in composer
    return composed(self, method, *args, **kwargs)
  File "/workspace/frappe-bench/apps/frappe/frappe/model/document.py", line 1635, in runner
    add_to_return_value(self, fn(self, *args, **kwargs))
  File "/workspace/frappe-bench/apps/frappe/frappe/model/document.py", line 1257, in fn
    return method_object(*args, **kwargs)
  File "/workspace/frappe-bench/apps/erpnext/erpnext/accounts/doctype/payment_ledger_entry/payment_ledger_entry.py", line 174, in on_update
    update_voucher_outstanding(
  File "/workspace/frappe-bench/apps/erpnext/erpnext/accounts/utils.py", line 2167, in update_voucher_outstanding
    voucher_outstanding = ple_query.get_voucher_outstandings(vouchers, common_filter=common_filter)
  File "/workspace/frappe-bench/apps/erpnext/erpnext/accounts/utils.py", line 2487, in get_voucher_outstandings
    self.query_for_outstanding()
  File "/workspace/frappe-bench/apps/erpnext/erpnext/accounts/utils.py", line 2450, in query_for_outstanding
    self.voucher_outstandings = self.cte_query_voucher_amount_and_outstanding.run(as_dict=True)
  File "/workspace/frappe-bench/apps/frappe/frappe/query_builder/utils.py", line 139, in execute_query
    result = frappe.local.db.sql(query, params, *args, **kwargs)  # nosemgrep
  File "/workspace/frappe-bench/apps/frappe/frappe/database/postgres/database.py", line 234, in sql
    return super().sql(modify_query(query), modify_values(values), *args, **kwargs)
  File "/workspace/frappe-bench/apps/frappe/frappe/database/database.py", line 294, in sql
    traceback.print_stack()
Error in query:
column "tabPayment Ledger Entry.account" must appear in the GROUP BY clause or be used in an aggregate function
LINE 1: WITH vouchers AS (SELECT "account","voucher_type","voucher_n...
                                 ^

  File "/workspace/frappe-bench/generate_all_module_transactions.py", line 407, in <module>
    pr.submit()
  File "/workspace/frappe-bench/apps/frappe/frappe/utils/typing_validations.py", line 36, in wrapper
    return func(*args, **kwargs)
  File "/workspace/frappe-bench/apps/frappe/frappe/model/document.py", line 1349, in submit
    return self._submit()
  File "/workspace/frappe-bench/apps/frappe/frappe/model/document.py", line 1330, in _submit
    return self.save()
  File "/workspace/frappe-bench/apps/frappe/frappe/model/document.py", line 557, in save
    return self._save(*args, **kwargs)
  File "/workspace/frappe-bench/apps/frappe/frappe/model/document.py", line 612, in _save
    self.run_post_save_methods()
  File "/workspace/frappe-bench/apps/frappe/frappe/model/document.py", line 1457, in run_post_save_methods
    self.run_method("on_submit")
  File "/workspace/frappe-bench/apps/frappe/frappe/model/document.py", line 1260, in run_method
    out = Document.hook(fn)(self, *args, **kwargs)
  File "/workspace/frappe-bench/apps/frappe/frappe/model/document.py", line 1661, in composer
    return composed(self, method, *args, **kwargs)
  File "/workspace/frappe-bench/apps/frappe/frappe/model/document.py", line 1635, in runner
    add_to_return_value(self, fn(self, *args, **kwargs))
  File "/workspace/frappe-bench/apps/frappe/frappe/model/document.py", line 1257, in fn
    return method_object(*args, **kwargs)
  File "/workspace/frappe-bench/apps/erpnext/erpnext/stock/doctype/purchase_receipt/purchase_receipt.py", line 396, in on_submit
    self.make_gl_entries()
  File "/workspace/frappe-bench/apps/erpnext/erpnext/controllers/stock_controller.py", line 349, in make_gl_entries
    make_gl_entries(gl_entries, from_repost=from_repost)
  File "/workspace/frappe-bench/apps/erpnext/erpnext/accounts/general_ledger.py", line 60, in make_gl_entries
    save_entries(gl_map, adv_adj, update_outstanding, from_repost)
  File "/workspace/frappe-bench/apps/erpnext/erpnext/accounts/general_ledger.py", line 419, in save_entries
    validate_against_pcv(is_opening, gl_map[0]["posting_date"], gl_map[0]["company"])
  File "/workspace/frappe-bench/apps/erpnext/erpnext/accounts/general_ledger.py", line 844, in validate_against_pcv
    last_pcv_date = frappe.db.get_value(
  File "/workspace/frappe-bench/apps/frappe/frappe/database/database.py", line 564, in get_value
    result = self.get_values(
  File "/workspace/frappe-bench/apps/frappe/frappe/database/database.py", line 680, in get_values
    out = query.run(as_dict=as_dict, debug=debug, update=update, run=run, pluck=pluck)
  File "/workspace/frappe-bench/apps/frappe/frappe/query_builder/utils.py", line 139, in execute_query
    result = frappe.local.db.sql(query, params, *args, **kwargs)  # nosemgrep
  File "/workspace/frappe-bench/apps/frappe/frappe/database/postgres/database.py", line 234, in sql
    return super().sql(modify_query(query), modify_values(values), *args, **kwargs)
  File "/workspace/frappe-bench/apps/frappe/frappe/database/database.py", line 294, in sql
    traceback.print_stack()
Error in query:
column "tabPeriod Closing Voucher.creation" must appear in the GROUP BY clause or be used in an aggregate function
LINE 1: ...' AND "company"='San Fernando Warehouse' ORDER BY "creation"...
                                                             ^

  File "/workspace/frappe-bench/generate_all_module_transactions.py", line 307, in <module>
    sinv.submit()
  File "/workspace/frappe-bench/apps/frappe/frappe/utils/typing_validations.py", line 36, in wrapper
    return func(*args, **kwargs)
  File "/workspace/frappe-bench/apps/frappe/frappe/model/document.py", line 1349, in submit
    return self._submit()
  File "/workspace/frappe-bench/apps/frappe/frappe/model/document.py", line 1330, in _submit
    return self.save()
  File "/workspace/frappe-bench/apps/frappe/frappe/model/document.py", line 557, in save
    return self._save(*args, **kwargs)
  File "/workspace/frappe-bench/apps/frappe/frappe/model/document.py", line 612, in _save
    self.run_post_save_methods()
  File "/workspace/frappe-bench/apps/frappe/frappe/model/document.py", line 1457, in run_post_save_methods
    self.run_method("on_submit")
  File "/workspace/frappe-bench/apps/frappe/frappe/model/document.py", line 1260, in run_method
    out = Document.hook(fn)(self, *args, **kwargs)
  File "/workspace/frappe-bench/apps/frappe/frappe/model/document.py", line 1661, in composer
    return composed(self, method, *args, **kwargs)
  File "/workspace/frappe-bench/apps/frappe/frappe/model/document.py", line 1635, in runner
    add_to_return_value(self, fn(self, *args, **kwargs))
  File "/workspace/frappe-bench/apps/frappe/frappe/model/document.py", line 1257, in fn
    return method_object(*args, **kwargs)
  File "/workspace/frappe-bench/apps/erpnext/erpnext/accounts/doctype/sales_invoice/sales_invoice.py", line 510, in on_submit
    self.make_gl_entries()
  File "/workspace/frappe-bench/apps/erpnext/erpnext/accounts/doctype/sales_invoice/sales_invoice.py", line 1607, in make_gl_entries
    make_gl_entries(
  File "/workspace/frappe-bench/apps/erpnext/erpnext/accounts/general_ledger.py", line 53, in make_gl_entries
    create_payment_ledger_entry(
  File "/workspace/frappe-bench/apps/erpnext/erpnext/accounts/utils.py", line 2138, in create_payment_ledger_entry
    ple.submit()
  File "/workspace/frappe-bench/apps/frappe/frappe/utils/typing_validations.py", line 36, in wrapper
    return func(*args, **kwargs)
  File "/workspace/frappe-bench/apps/frappe/frappe/model/document.py", line 1349, in submit
    return self._submit()
  File "/workspace/frappe-bench/apps/frappe/frappe/model/document.py", line 1330, in _submit
    return self.save()
  File "/workspace/frappe-bench/apps/frappe/frappe/model/document.py", line 557, in save
    return self._save(*args, **kwargs)
  File "/workspace/frappe-bench/apps/frappe/frappe/model/document.py", line 579, in _save
    return self.insert()
  File "/workspace/frappe-bench/apps/frappe/frappe/model/document.py", line 513, in insert
    self.run_post_save_methods()
  File "/workspace/frappe-bench/apps/frappe/frappe/model/document.py", line 1456, in run_post_save_methods
    self.run_method("on_update")
  File "/workspace/frappe-bench/apps/frappe/frappe/model/document.py", line 1260, in run_method
    out = Document.hook(fn)(self, *args, **kwargs)
  File "/workspace/frappe-bench/apps/frappe/frappe/model/document.py", line 1661, in composer
    return composed(self, method, *args, **kwargs)
  File "/workspace/frappe-bench/apps/frappe/frappe/model/document.py", line 1635, in runner
    add_to_return_value(self, fn(self, *args, **kwargs))
  File "/workspace/frappe-bench/apps/frappe/frappe/model/document.py", line 1257, in fn
    return method_object(*args, **kwargs)
  File "/workspace/frappe-bench/apps/erpnext/erpnext/accounts/doctype/payment_ledger_entry/payment_ledger_entry.py", line 174, in on_update
    update_voucher_outstanding(
  File "/workspace/frappe-bench/apps/erpnext/erpnext/accounts/utils.py", line 2167, in update_voucher_outstanding
    voucher_outstanding = ple_query.get_voucher_outstandings(vouchers, common_filter=common_filter)
  File "/workspace/frappe-bench/apps/erpnext/erpnext/accounts/utils.py", line 2487, in get_voucher_outstandings
    self.query_for_outstanding()
  File "/workspace/frappe-bench/apps/erpnext/erpnext/accounts/utils.py", line 2450, in query_for_outstanding
    self.voucher_outstandings = self.cte_query_voucher_amount_and_outstanding.run(as_dict=True)
  File "/workspace/frappe-bench/apps/frappe/frappe/query_builder/utils.py", line 139, in execute_query
    result = frappe.local.db.sql(query, params, *args, **kwargs)  # nosemgrep
  File "/workspace/frappe-bench/apps/frappe/frappe/database/postgres/database.py", line 234, in sql
    return super().sql(modify_query(query), modify_values(values), *args, **kwargs)
  File "/workspace/frappe-bench/apps/frappe/frappe/database/database.py", line 294, in sql
    traceback.print_stack()
Error in query:
column "tabPayment Ledger Entry.account" must appear in the GROUP BY clause or be used in an aggregate function
LINE 1: WITH vouchers AS (SELECT "account","voucher_type","voucher_n...
                                 ^

  File "/workspace/frappe-bench/generate_all_module_transactions.py", line 407, in <module>
    pr.submit()
  File "/workspace/frappe-bench/apps/frappe/frappe/utils/typing_validations.py", line 36, in wrapper
    return func(*args, **kwargs)
  File "/workspace/frappe-bench/apps/frappe/frappe/model/document.py", line 1349, in submit
    return self._submit()
  File "/workspace/frappe-bench/apps/frappe/frappe/model/document.py", line 1330, in _submit
    return self.save()
  File "/workspace/frappe-bench/apps/frappe/frappe/model/document.py", line 557, in save
    return self._save(*args, **kwargs)
  File "/workspace/frappe-bench/apps/frappe/frappe/model/document.py", line 612, in _save
    self.run_post_save_methods()
  File "/workspace/frappe-bench/apps/frappe/frappe/model/document.py", line 1457, in run_post_save_methods
    self.run_method("on_submit")
  File "/workspace/frappe-bench/apps/frappe/frappe/model/document.py", line 1260, in run_method
    out = Document.hook(fn)(self, *args, **kwargs)
  File "/workspace/frappe-bench/apps/frappe/frappe/model/document.py", line 1661, in composer
    return composed(self, method, *args, **kwargs)
  File "/workspace/frappe-bench/apps/frappe/frappe/model/document.py", line 1635, in runner
    add_to_return_value(self, fn(self, *args, **kwargs))
  File "/workspace/frappe-bench/apps/frappe/frappe/model/document.py", line 1257, in fn
    return method_object(*args, **kwargs)
  File "/workspace/frappe-bench/apps/erpnext/erpnext/stock/doctype/purchase_receipt/purchase_receipt.py", line 396, in on_submit
    self.make_gl_entries()
  File "/workspace/frappe-bench/apps/erpnext/erpnext/controllers/stock_controller.py", line 349, in make_gl_entries
    make_gl_entries(gl_entries, from_repost=from_repost)
  File "/workspace/frappe-bench/apps/erpnext/erpnext/accounts/general_ledger.py", line 60, in make_gl_entries
    save_entries(gl_map, adv_adj, update_outstanding, from_repost)
  File "/workspace/frappe-bench/apps/erpnext/erpnext/accounts/general_ledger.py", line 419, in save_entries
    validate_against_pcv(is_opening, gl_map[0]["posting_date"], gl_map[0]["company"])
  File "/workspace/frappe-bench/apps/erpnext/erpnext/accounts/general_ledger.py", line 844, in validate_against_pcv
    last_pcv_date = frappe.db.get_value(
  File "/workspace/frappe-bench/apps/frappe/frappe/database/database.py", line 564, in get_value
    result = self.get_values(
  File "/workspace/frappe-bench/apps/frappe/frappe/database/database.py", line 680, in get_values
    out = query.run(as_dict=as_dict, debug=debug, update=update, run=run, pluck=pluck)
  File "/workspace/frappe-bench/apps/frappe/frappe/query_builder/utils.py", line 139, in execute_query
    result = frappe.local.db.sql(query, params, *args, **kwargs)  # nosemgrep
  File "/workspace/frappe-bench/apps/frappe/frappe/database/postgres/database.py", line 234, in sql
    return super().sql(modify_query(query), modify_values(values), *args, **kwargs)
  File "/workspace/frappe-bench/apps/frappe/frappe/database/database.py", line 294, in sql
    traceback.print_stack()
Error in query:
column "tabPeriod Closing Voucher.creation" must appear in the GROUP BY clause or be used in an aggregate function
LINE 1: ...D "company"='Ultra MRF Mexico Warehouse' ORDER BY "creation"...
                                                             ^

